mtk_wdt.c:33:13:mtk_wdt_reset	8	static
mtk_wdt.c:70:13:mtk_wdt_mode_config.constprop	24	static
mtk_wdt.c:23:6:mtk_wdt_disable	0	static
mtk_wdt.c:61:14:mtk_wdt_check_status	0	static
mtk_wdt.c:169:6:mtk_wdt_set_time_out_value	0	static
mtk_wdt.c:182:6:mtk_wdt_restart	0	static
mtk_wdt.c:190:6:mtk_wdt_sw_reset	8	static
mtk_wdt.c:206:6:mtk_wdt_hw_reset	8	static
mtk_wdt.c:245:6:mtk_wdt_init	16	static
mtk_wdt.c:303:6:mtk_is_rgu_trigger_reset	0	static
mtk_wdt.c:338:6:mtk_arch_reset	8	static
mtk_wdt.c:346:6:rgu_swsys_reset	16	static
