mtk_nor.c:468:11:mt53xx_nor_Region2Info	4	static
mtk_nor.c:2583:23:NFI_gpio_uffs	0	static
mtk_nor.c:899:12:mt53xx_nor_WriteBufferDisable.isra.2	0	static
mtk_nor.c:558:13:mt53xx_nor_SendCmd.isra.3	0	static
mtk_nor.c:438:12:mt53xx_nor_Offset2Index	16	static
mtk_nor.c:598:12:mt53xx_nor_ExecuteCmd	8	static
mtk_nor.c:851:12:mt53xx_nor_WriteEnable	8	static
mtk_nor.c:818:12:mt53xx_nor_WaitBusySleep	32	static
mtk_nor.c:982:12:mt53xx_nor_EraseChip	16	static
mtk_nor.c:1050:12:mt53xx_nor_EraseSector	24	static
mtk_nor.c:786:12:mt53xx_nor_WaitBusy.constprop	24	static
mtk_nor.c:1969:12:mt53xx_nor_WriteSingleByte	32	static
mtk_nor.c:927:12:mt53xx_nor_WriteProtect	16	static
mtk_nor.c:1125:5:mtk_nor_erase	40	static
mtk_nor.c:1687:5:mtk_nor_read	40	static
mtk_nor.c:2339:5:mtk_nor_write	64	static
mtk_nor.c:3189:12:mtk_uboot_nor_command	32	static
mtk_nor.c:2992:5:mtk_nor_init	40	static
mtk_nor.c:3076:12:mtk_nor_command	40	static
