81e00000 T __image_copy_start
81e00000 T _start
81e00020 T _undefined_instruction
81e00024 T _software_interrupt
81e00028 T _prefetch_abort
81e0002c T _data_abort
81e00030 T _not_used
81e00034 T _irq
81e00038 T _fiq
81e0003c t _pad
81e00040 T IRQ_STACK_START_IN
81e00040 T _end_vect
81e00044 t reset
81e00084 T c_runtime_cpu_setup
81e000a0 T cpu_init_cp15
81e000d8 T cpu_init_crit
81e000e0 t undefined_instruction
81e00140 t software_interrupt
81e001a0 t prefetch_abort
81e00200 t data_abort
81e00260 t not_used
81e002c0 t irq
81e00320 t fiq
81e0036c T invalidate_dcache_all
81e00370 T invalidate_dcache_range
81e00374 T flush_dcache_range
81e00378 T flush_cache
81e0037c T invalidate_icache_all
81e00394 T __v7_outer_cache_disable
81e00394 W v7_outer_cache_disable
81e00398 W cpu_cache_initialization
81e0039c T cleanup_before_linux
81e003c4 T BOOT_ARGUMENT_LOCATION
81e003c8 T save_boot_params
81e003d4 T lowlevel_init
81e003e8 T arch_cpu_init
81e003f8 T reset_cpu
81e003fc T _main
81e0043c t here
81e0044c t clbss_l
81e00480 T relocate_code
81e00490 t copy_loop
81e004a8 t fixloop
81e004c8 t fixnext
81e004d0 t relocate_done
81e004e4 t print_cpuinfo
81e004ec t display_banner
81e0050c t init_baudrate
81e00538 t mark_bootstage
81e0054c T __coloured_LED_init
81e0054c W coloured_LED_init
81e00550 T __red_led_on
81e00550 W red_led_on
81e00554 T __dram_init_banksize
81e00554 W dram_init_banksize
81e00570 T __power_init_board
81e00570 W power_init_board
81e00578 T board_init_f
81e006a8 T config_shared_SRAM_size
81e006ec T board_init_r
81e007b4 t boot_jump_linux.isra.4
81e00858 T arch_lmb_reserve
81e0087c W setup_board_tags
81e00880 t boot_prep_linux
81e009c8 T do_bootm_linux
81e00a2c T boot_prep_vxworks
81e00a30 T boot_jump_vxworks
81e00a3c T interrupt_init
81e00a58 T enable_interrupts
81e00a5c T disable_interrupts
81e00a64 T bad_mode
81e00a74 T show_regs
81e00bb0 T do_undefined_instruction
81e00bd0 T do_software_interrupt
81e00bf0 T do_prefetch_abort
81e00c10 T do_data_abort
81e00c30 T do_not_used
81e00c50 T do_fiq
81e00c70 T do_irq
81e00c90 T do_reset
81e00cbc T __enable_caches
81e00cbc W enable_caches
81e00cc8 t cp_delay
81e00cf8 T icache_enable
81e00d10 T icache_disable
81e00d2c T dcache_disable
81e00d30 T do_backup_message
81e00d3c T do_reco_message
81e00d48 T do_read_image_blks
81e00e44 T do_read_mtk_image_blks
81e00fc8 T do_serious_image_check
81e01094 T do_image_check
81e01104 T do_uboot_check
81e01174 T dram_init
81e01240 T board_init
81e01264 T board_late_init
81e012ac T board_eth_init
81e012bc T gpt4_get_current_tick
81e01308 T gpt4_timeout_tick
81e01330 T gpt_busy_wait_us
81e0136c T reset_timer_masked
81e013ac T get_timer_masked
81e01438 T get_timer
81e01458 T __udelay
81e0145c T mtk_timer_init
81e01494 T uart_setbrg
81e015d8 T uart_init_early
81e01614 T uart_putc
81e01658 T uart_getc
81e0167c T uart_puts
81e0169c T uart_tstc
81e016b4 T pl01x_serial_initialize
81e016c0 T default_serial_console
81e016cc t mtk_wdt_mode_config.constprop.0
81e01758 T mtk_wdt_disable
81e01774 T mtk_wdt_set_time_out_value
81e0178c T mtk_wdt_hw_reset
81e017cc t delete_char.part.0
81e018a0 T __show_boot_progress
81e018a0 W show_boot_progress
81e018a4 T readline_into_buffer
81e01a98 T readline
81e01aac T run_command
81e01ab4 T run_command_list
81e01b10 T main_loop
81e01c20 T do_run
81e01c94 T find_cmd_tbl
81e01d38 T find_cmd
81e01d60 T cmd_usage
81e01dbc T _do_help
81e01f44 T cmd_get_data_size
81e01fa0 T cmd_process
81e0208c t dummy
81e02090 T get_version
81e02098 T jumptable_init
81e02228 T hash_command
81e022c8 t b_reset
81e022e4 t static_get
81e02300 t file_peek
81e0230c t mapset
81e0232c t syntax_err
81e02338 t free_pipe_list
81e02424 t xmalloc
81e02444 t new_pipe
81e0246c t xrealloc
81e0248c t done_command
81e02510 t done_pipe
81e02558 t done_word
81e02800 t do_showvar
81e02900 t is_assignment
81e0295c t file_get
81e02b48 t b_addchr
81e02bc8 t b_addqchr
81e02c18 t static_peek
81e02c24 T get_local_var
81e02cc4 T set_local_var
81e02e70 t insert_var_value_sub
81e03130 T parse_string_outer
81e03214 t run_list_real
81e0397c t parse_stream_outer
81e04014 T parse_file_outer
81e04058 T u_boot_hush_start
81e040ac t hex1_bin
81e040ec t hex2_bin
81e04124 T srec_decode
81e04374 t CYGACC_COMM_IF_GETC_TIMEOUT.isra.0
81e043d0 t xyzModem_flush
81e043ec t xyzModem_get_hdr
81e04610 T xyzModem_stream_open
81e04844 T xyzModem_stream_read
81e04a94 T xyzModem_stream_close
81e04ae8 T xyzModem_stream_terminate
81e04b7c T xyzModem_error
81e04b9c W do_go_exec
81e04bac t do_go
81e04c18 t copy_args
81e04c6c t image_info
81e04d38 T do_bootd
81e04d5c t do_bootm_rtems
81e04d9c t do_bootm_plan9
81e04e40 t do_bootm_standalone
81e04ea4 t do_bootm_netbsd
81e04f9c t do_iminfo
81e04ff8 W arch_preboot_os
81e04ff8 t __arch_preboot_os
81e04ffc t do_bootm_states.isra.10.constprop.11
81e05784 T do_bootm
81e05868 T bootm_maybe_autostart
81e058e0 T do_bootvx_fdt
81e0591c t do_bootm_vxworks
81e05940 t do_help
81e05984 t do_version
81e059bc T env_attr_walk
81e05adc T env_attr_lookup
81e05c78 t clear_callback
81e05c88 t find_env_callback
81e05cec t on_callbacks
81e05d34 t set_callback
81e05dc8 T env_callback_init
81e05e8c t skip_num
81e05f04 t clear_flags
81e05f14 t on_flags
81e05f5c T env_flags_parse_vartype
81e05fac T env_flags_parse_varaccess
81e06004 t set_flags
81e060b0 T env_flags_init
81e06188 T env_flags_validate
81e064a0 t init_mmc_for_env
81e064d4 W mmc_get_env_addr
81e064e4 T env_init
81e06500 T saveenv
81e06698 T env_relocate_spec
81e06774 T source
81e0684c T do_source
81e06890 t print_num
81e068a4 T do_bdinfo
81e06a28 t bootmenu_print_entry
81e06a90 t bootmenu_destroy
81e06ad4 t bootmenu_choice_entry
81e06cf0 t bootmenu_show
81e0707c T do_bootmenu
81e070c4 T menu_display_statusline
81e071a8 T menu_show
81e071b8 t do_coninfo
81e07278 t do_echo
81e0732c t do_exit
81e07374 T do_fat_fsload
81e0738c t do_fat_ls
81e073a4 t do_fat_fsinfo
81e07434 t evalexp
81e074a8 t evalstr
81e07514 t binary_test
81e076d4 t do_itest
81e0775c t bin_data_init
81e07788 t k_data_save
81e077d4 t k_data_restore
81e07820 t getcxmodem
81e07840 t load_serial_ymodem
81e0790c t bin_data_char
81e07938 t chk1.constprop.1
81e07964 t s1_sendpacket.constprop.2
81e079b4 t load_serial
81e07ba4 t do_load_serial
81e07c80 t do_load_serial_bin
81e0841c t do_mem_mw
81e084dc t do_mem_loop
81e085c8 t do_mem_md
81e086ac t do_mem_cmp
81e08814 t do_mem_base
81e08854 t do_mem_cp
81e0892c t do_mem_crc
81e08974 t mod_mem.isra.0
81e08ae8 t do_mem_mm
81e08af0 t do_mem_nm
81e08af8 t do_sleep
81e08b68 t do_mmcops
81e08db4 T do_mmc
81e08f10 t do_emmcops
81e090e0 t do_mmcinfo
81e0925c t netboot_common
81e094f0 t do_bootp
81e094fc T do_tftpb
81e0953c t do_ping
81e095b4 t do_false
81e095bc t do_true
81e095c4 t do_test
81e098fc t do_imgextract
81e09b7c T menu_default_choice
81e09b98 T menu_default_set
81e09c20 T menu_get_choice
81e09e00 T menu_item_add
81e09edc T menu_create
81e09f6c T menu_destroy
81e09fe0 t do_env_delete
81e0a080 t do_env_save
81e0a0ac t do_env
81e0a114 t env_print
81e0a1d4 t do_env_print
81e0a29c t do_env_import
81e0a4e0 t do_env_default
81e0a588 t _do_env_set.isra.0
81e0a740 t do_env_set
81e0a75c T get_env_id
81e0a76c T setenv
81e0a7c8 T setenv_hex
81e0a7fc t do_env_export
81e0aa54 T envmatch
81e0aac0 T getenv_f
81e0ab80 T getenv
81e0abf8 T getenv_ulong
81e0ac28 t do_env_edit
81e0aca0 W env_get_char_spec
81e0aca0 t __env_get_char_spec
81e0acac T env_get_addr
81e0accc T env_get_char_memory
81e0acdc T env_get_char
81e0ad0c T getenv_yesno
81e0ad48 T getenv_default
81e0ad78 T set_default_env
81e0ae34 T set_default_vars
81e0ae68 T env_import
81e0af40 T env_relocate
81e0af6c t console_setfile
81e0b010 T serial_printf
81e0b054 T fgetc
81e0b078 T ftstc
81e0b09c T getc
81e0b0c0 T tstc
81e0b0e4 T putc
81e0b114 T puts
81e0b144 T printf
81e0b194 T vprintf
81e0b1d0 T ctrlc
81e0b228 T had_ctrlc
81e0b238 T clear_ctrlc
81e0b24c T search_device
81e0b274 T console_assign
81e0b2bc t on_console
81e0b374 T console_init_f
81e0b384 T stdio_print_current_devices
81e0b434 T console_init_r
81e0b5b4 T sbrk
81e0b620 T mem_malloc_init
81e0b654 T malloc_trim
81e0b720 T free
81e0b950 T malloc
81e0bf54 T calloc
81e0c024 T realloc
81e0c4dc T memalign
81e0c5e8 t on_loadaddr
81e0c620 T image_check_hcrc
81e0c66c T image_check_dcrc
81e0c6a4 T image_multi_count
81e0c6c0 T image_multi_getimg
81e0c740 T getenv_bootm_low
81e0c770 T getenv_bootm_size
81e0c7cc T memmove_wd
81e0c7d8 T genimg_print_size
81e0c808 T get_table_entry_name
81e0c834 T genimg_get_os_name
81e0c84c T genimg_get_arch_name
81e0c864 T genimg_get_type_name
81e0c87c T genimg_get_comp_name
81e0c894 T image_print_contents
81e0ca10 T genimg_get_format
81e0ca2c T genimg_get_image
81e0ca30 T boot_get_ramdisk
81e0cc68 T boot_ramdisk_high
81e0cd98 W get_effective_memsize
81e0cda0 T stdio_get_list
81e0cdac T stdio_get_by_name
81e0ce08 T stdio_clone
81e0ce40 T stdio_register
81e0ce7c T stdio_init
81e0cf08 T get_dev
81e0cf78 T dev_print
81e0d184 T init_part
81e0d1a4 T print_part
81e0d298 T get_partition_info
81e0d2c4 T get_device
81e0d350 T get_device_and_partition
81e0d788 t test_block_type
81e0d80c t print_partition_extended
81e0da84 t get_partition_info_extended.constprop.1
81e0dd3c T test_part_dos
81e0dda0 T print_part_dos
81e0ddd4 T get_partition_info_dos
81e0ddf4 t mt53xx_nor_Region2Info
81e0decc t NFI_gpio_uffs
81e0df0c t mt53xx_nor_WriteBufferDisable.isra.2
81e0df4c t mt53xx_nor_SendCmd.isra.3
81e0df74 t mt53xx_nor_Offset2Index
81e0e004 t mt53xx_nor_ExecuteCmd
81e0e054 t mt53xx_nor_WriteEnable
81e0e0b0 t mt53xx_nor_WaitBusySleep
81e0e134 t mt53xx_nor_EraseChip
81e0e220 t mt53xx_nor_EraseSector
81e0e37c t mt53xx_nor_WaitBusy.constprop.15
81e0e3fc t mt53xx_nor_WriteSingleByte
81e0e4dc t mt53xx_nor_WriteProtect
81e0e58c T mtk_nor_erase
81e0e818 T mtk_nor_read
81e0ea18 T mtk_nor_write
81e0edf4 t mtk_uboot_nor_command
81e0ef8c T mtk_nor_init
81e0f4cc t mtk_nor_command
81e0f7ec t msdc_pin_set.isra.1
81e0fa00 T msdc_dump_card_status
81e0fa04 T msdc_set_smt
81e0fc70 T msdc_set_driving
81e0fda4 T msdc_set_startbit
81e0fdc8 T msdc_set_smpl
81e0ffac T msdc_set_timeout
81e10010 T msdc_clr_fifo
81e10060 T msdc_set_blklen
81e10070 T msdc_set_blknum
81e1007c T msdc_reset
81e100c8 T msdc_abort
81e100fc T msdc_intr_wait
81e10114 T msdc_intr_unmask
81e10128 T msdc_send_cmd
81e10358 T msdc_wait_rsp
81e10478 T msdc_pio_read_word
81e10580 T msdc_pio_read
81e105a4 T msdc_pio_write_word
81e1067c T msdc_pio_write
81e106a0 T msdc_config_clksrc
81e10778 T msdc_config_clock
81e10964 T msdc_config_bus
81e109b8 T msdc_config_pin
81e109d8 T msdc_clock
81e10a64 T msdc_host_power
81e10aa0 T msdc_power
81e10ad4 T msdc_reset_tune_counter
81e10ae0 T msdc_tune_cmdrsp
81e10d70 T msdc_cmd
81e10dc8 T msdc_abort_handler
81e10e9c T msdc_pio_bread
81e10fc0 T msdc_pio_bwrite
81e110d0 T msdc_tune_bread
81e11414 T msdc_tune_read
81e11734 T msdc_card_detect
81e117a8 T msdc_init
81e11ac8 t unstuff_bits
81e11b08 t mmc_cmd
81e11b38 t mmc_app_cmd
81e11bac t mmc_send_if_cond
81e11c18 t mmc_send_app_op_cond
81e11ca4 t mmc_send_op_cond
81e11d38 t mmc_sd_switch.isra.0.constprop.10
81e11e20 T mmc_dump_ext_csd
81e11e64 T mmc_dump_ext_csd_p
81e124a4 T mmc_go_idle
81e124dc T mmc_send_status
81e1253c T mmc_select_card
81e12580 T mmc_switch
81e12638 T mmc_switch_hs
81e1267c T mmc_read_ext_csd
81e127f0 T mmc_set_clock
81e12810 T mmc_set_ext_csd
81e1289c T mmc_set_card_detect
81e128dc T mmc_set_blk_length
81e12934 T mmc_set_bus_width
81e12ab0 T mmc_set_part_config
81e12adc T mmc_dev_bread
81e12bc4 T mmc_block_read
81e12c6c T mmc_part_read
81e12d1c T mmc_block_write
81e12ebc T mmc_part_write
81e12f6c T mmc_block_erase
81e12fc8 T mmc_init_mem_card
81e137a4 T mmc_init_card
81e1390c T mmc_init_host
81e13934 T __mmc_init
81e13974 T mmc_info_helper
81e13a20 T mmc_info_helper2
81e13ac8 T emmc_part_read
81e13af0 T emmc_part_write
81e13b18 T emmc_dump_ext_csd
81e13b24 T emmc_set_part_config
81e13b34 T msdc_uffs
81e13b84 T msdc_set_field
81e13bac T msdc_get_field
81e13bd0 T __mmc_block_read
81e13bd4 T __mmc_block_write
81e13bd8 T __mmc_block_erase
81e13bdc T mmc_get_dev
81e13bfc T mmc_legacy_init
81e13d54 T get_mmc_num
81e13d5c T find_mmc_device
81e13dac T mmc_init
81e13ed4 T mmc_getwp
81e13edc t rt2880_eth_recv
81e14090 t rt2880_eth_send
81e141b8 t IsSwitchVlanTableBusy
81e14218 T EswCntRead
81e14a08 T rdm_ioctl
81e14b8c T START_ETH
81e14bb8 T STOP_ETH
81e14be4 T rt2880_eth_halt
81e14be8 T rt2880_free_buf_entry_dequeue
81e14c20 T rt2880_eth_initialize
81e14d98 T mt7623_ethifsys_init
81e14f64 T mt7623_pinmux_set
81e1507c T wait_loop
81e150a8 T trgmii_calibration_7623
81e15420 T trgmii_calibration_7530
81e15a08 T setup_internal_gsw
81e16408 T isDMABusy
81e16444 t rt2880_eth_init
81e167a8 T __mii_mgr_read
81e1688c T __mii_mgr_write
81e16958 T mii_mgr_read
81e169e8 T mii_mgr_write
81e16a50 T dump_phy_reg
81e16b74 T rt2880_mdio_access
81e17038 t get_current
81e17078 W altera_jtag_serial_initialize
81e17078 W altera_serial_initialize
81e17078 W amirix_serial_initialize
81e17078 W arc_serial_initialize
81e17078 W arm_dcc_initialize
81e17078 W asc_serial_initialize
81e17078 W atmel_serial_initialize
81e17078 W au1x00_serial_initialize
81e17078 W bfin_jtag_initialize
81e17078 W bfin_serial_initialize
81e17078 W bmw_serial_initialize
81e17078 W clps7111_serial_initialize
81e17078 W cogent_serial_initialize
81e17078 W cpci750_serial_initialize
81e17078 W evb64260_serial_initialize
81e17078 W imx_serial_initialize
81e17078 W iop480_serial_initialize
81e17078 W jz_serial_initialize
81e17078 W ks8695_serial_initialize
81e17078 W leon2_serial_initialize
81e17078 W leon3_serial_initialize
81e17078 W lh7a40x_serial_initialize
81e17078 W lpc32xx_serial_initialize
81e17078 W marvell_serial_initialize
81e17078 W max3100_serial_initialize
81e17078 W mcf_serial_initialize
81e17078 W ml2_serial_initialize
81e17078 W mpc512x_serial_initialize
81e17078 W mpc5xx_serial_initialize
81e17078 W mpc8260_scc_serial_initialize
81e17078 W mpc8260_smc_serial_initialize
81e17078 W mpc85xx_serial_initialize
81e17078 W mpc8xx_serial_initialize
81e17078 W mxc_serial_initialize
81e17078 W mxs_auart_initialize
81e17078 W ns16550_serial_initialize
81e17078 W oc_serial_initialize
81e17078 W p3mx_serial_initialize
81e17078 W pxa_serial_initialize
81e17078 W s3c24xx_serial_initialize
81e17078 W s5p_serial_initialize
81e17078 W sa1100_serial_initialize
81e17078 W sandbox_serial_initialize
81e17078 W sconsole_serial_initialize
81e17078 W sh_serial_initialize
81e17078 W uartlite_serial_initialize
81e17078 W zynq_serial_initalize
81e17078 t serial_null
81e1707c T serial_register
81e17094 T serial_stdio_init
81e1711c T serial_assign
81e17168 T serial_initialize
81e17238 T serial_init
81e1724c T serial_setbrg
81e17260 t on_baudrate
81e1734c T serial_getc
81e17360 T serial_tstc
81e17374 T serial_putc
81e17390 T serial_puts
81e173ac t fs_probe_unsupported
81e173c4 t fs_ls_unsupported
81e173cc t fs_exists_unsupported
81e173d4 t fs_write_unsupported
81e173dc t fs_close_unsupported
81e173e0 t fs_get_info
81e17400 t fs_close
81e17428 t fs_read_unsupported
81e17430 T fs_set_blk_dev
81e174e8 T fs_ls
81e17524 T fs_exists
81e17558 T fs_read
81e175dc T do_load
81e1779c T do_ls
81e17804 T file_exists
81e17830 t downcase
81e17860 t disk_read
81e178bc t dirdelim
81e178f4 t get_fatent
81e17a44 t mkcksum
81e17a94 t get_cluster
81e17c04 t get_name
81e17cb0 t read_bootsectandvi
81e17dd8 t slot2str
81e17e94 t get_vfatname
81e18040 T fat_set_blk_dev
81e1810c T do_fat_read_at
81e18be0 T do_fat_read
81e18c04 T file_fat_detectfs
81e18d4c T file_fat_ls
81e18d5c T fat_exists
81e18d8c T file_fat_read_at
81e18dd8 T fat_read_file
81e18e14 T fat_close
81e18e18 T zcalloc
81e18e20 T zcfree
81e18e28 T inflate_fast
81e193b8 T inflate_table
81e198e4 T inflateReset
81e1995c T inflateInit2_
81e19a60 T inflateEnd
81e19ac8 T adler32
81e19dfc T inflate
81e1b2e0 T cyg_crc16
81e1b324 T gzalloc
81e1b334 T gzfree
81e1b33c T zunzip
81e1b45c T gunzip
81e1b514 t lmb_add_region
81e1b6a0 T lmb_init
81e1b6c8 T lmb_add
81e1b6cc T lmb_reserve
81e1b6d4 T lmb_overlaps_region
81e1b724 T __lmb_alloc_base
81e1b834 T lmb_alloc_base
81e1b868 T lmb_alloc
81e1b870 T __board_lmb_reserve
81e1b870 W board_lmb_reserve
81e1b874 T string_to_ip
81e1b8dc T qsort
81e1b9bc t cmpkey
81e1b9d0 t _hdelete.isra.0
81e1ba20 t drop_var_from_set.part.1
81e1ba70 t match_string.isra.2
81e1bad0 T hcreate_r
81e1bb80 T hdestroy_r
81e1bbf8 T hsearch_r
81e1c09c T hdelete_r
81e1c178 T hexport_r
81e1c494 T himport_r
81e1c7d8 T hwalk_r
81e1c834 T print_size
81e1c978 T print_buffer
81e1cb2c T crc32_no_comp
81e1cbf8 T crc32
81e1cc0c T crc32_wd
81e1cc10 T __div64_32
81e1cce0 T hang
81e1ccfc T skip_spaces
81e1cd24 T strim
81e1cd84 T strcpy
81e1cd9c T strncpy
81e1cdc0 T strcat
81e1cdf0 T strncat
81e1ce44 T strcmp
81e1ce6c T strncmp
81e1cea8 T strchr
81e1ced4 T strlen
81e1cef4 T strnlen
81e1cf20 T strdup
81e1cf60 T strpbrk
81e1cf9c T memset
81e1d000 T memcpy
81e1d074 T memmove
81e1d0b8 T memcmp
81e1d0ec T strstr
81e1d158 W timer_init
81e1d160 T udelay
81e1d190 T mdelay
81e1d1b4 t put_dec_trunc
81e1d288 t put_dec
81e1d3c8 t string.isra.0
81e1d45c t number.isra.4
81e1d6a8 t vsnprintf_internal.isra.6
81e1dca0 T simple_strtoul
81e1dd58 T strict_strtoul
81e1ddd0 T simple_strtol
81e1ddf4 T simple_strtoull
81e1ded0 T vsprintf
81e1ded4 T sprintf
81e1defc T panic
81e1df40 T ArpInit
81e1df90 T arp_raw_request
81e1e050 T ArpRequest
81e1e0d4 T ArpTimeoutCheck
81e1e154 T ArpReceive
81e1e36c t BootpHandler
81e1e6e4 T BootpRequest
81e1e8dc t BootpTimeout
81e1e920 W cpu_eth_init
81e1e920 t __def_eth_init
81e1e928 t eth_current_changed
81e1e984 T eth_parse_enetaddr
81e1e9e0 T eth_getenv_enetaddr
81e1ea3c T eth_setenv_enetaddr
81e1ea70 T eth_getenv_enetaddr_by_index
81e1eabc T eth_get_dev_by_index
81e1eafc T eth_get_dev_index
81e1eb18 T eth_write_hwaddr
81e1ecf0 T eth_register
81e1ed6c T eth_initialize
81e1ef3c T eth_halt
81e1ef6c T eth_send
81e1efa8 T eth_rx
81e1efcc T eth_try_another
81e1f054 T eth_init
81e1f11c T eth_set_current
81e1f1bc T eth_get_name
81e1f1dc t net_clear_handlers
81e1f210 t startAgainTimeout
81e1f224 t dummy_handler
81e1f228 T net_auto_load
81e1f260 T NetStartAgain
81e1f3ac T net_set_udp_handler
81e1f3cc T net_get_arp_handler
81e1f3dc T NetSetTimeout
81e1f43c T NetCksum
81e1f46c T NetCksumOk
81e1f48c T NetReceive
81e1f73c T NetEthHdrSize
81e1f778 T NetSetEther
81e1f810 T net_update_ether
81e1f88c T net_set_ip_header
81e1f914 T net_set_udp_header
81e1f99c T NetSendUDPPacket
81e1faa4 T copy_filename
81e1fae8 t on_bootfile
81e1fb14 T ip_to_string
81e1fb50 T string_to_VLAN
81e1fba0 T getenv_VLAN
81e1fbb0 t NetInitLoop
81e1fca0 T net_init
81e1fd10 T NetLoop
81e20030 t ping_timeout
81e2004c T ping_start
81e20174 T ping_receive
81e2025c t TftpSend
81e20424 t TftpHandler
81e207a0 t TftpTimeout
81e20828 T TftpStart
81e20b58 T raise
81e20b78 T __udivsi3
81e20b78 t .udivsi3_skip_div0_test
81e20b78 t __aeabi_uidiv
81e20dd4 t __aeabi_uidivmod
81e20df0 T __divsi3
81e20df0 t __aeabi_idiv
81e20df6 t .divsi3_skip_div0_test
81e21084 t __aeabi_idivmod
81e210a0 T __lshrdi3
81e210a0 t __aeabi_llsr
81e210b8 T __ashldi3
81e210b8 t __aeabi_llsl
81e210d0 W __aeabi_ldiv0
81e210d0 t __aeabi_idiv0
81e21194 r CSWTCH.28
81e211b4 r block_drvr
81e211c4 r boot_os
81e21224 r crc_table
81e21624 r env_flags_varaccess_mask
81e21634 r hclks_msdc30
81e21650 r hclks_msdc50
81e21674 r msdc_rsp
81e21698 R op_adv
81e21798 r op_table
81e21800 r tran_exp
81e21820 r uimage_arch
81e21940 r uimage_comp
81e21988 r uimage_os
81e219f4 r uimage_type
81e21acc r crc16_tab
81e21ccc r dbase.6548
81e21d0c r dext.6549
81e21d4c r distfix
81e21dcc r lbase.6546
81e21e0a r lenfix
81e2260a r lext.6547
81e22648 r order.6642
81e2267f r CSWTCH.23
81e22695 r __FUNCTION__.6740
81e226aa r __FUNCTION__.6757
81e226b8 r __func__.6182
81e226cf r __func__.6378
81e226df r __func__.6389
81e226ea r __func__.6507
81e226f2 r __func__.6558
81e22700 r __func__.6592
81e2270e R _ctype
81e2280e R default_environment
81e2341e r delims.6257
81e23421 r digits.6261
81e23431 r env_flags_varaccess_rep
81e23436 r env_flags_vartype_rep
81e2343d r erase_seq
81e23441 r g_mmcTable
81e2345d r hex_asc
81e2346e r names.6262
81e2a982 r tab_seq
81e2a98b r tran_mant
81e2a99b V version_string
81e2a9f4 D init_sequence
81e2aa20 D g_brg
81e2aa24 d g_uart
81e2aa28 d mt7623_uart_drv
81e2aa58 d reserved_list
81e2aadc d bootm_help_text
81e2ad24 d cmd_bootm_sub
81e2ade4 d first_call
81e2ade8 d first_call
81e2adec D env_name_spec
81e2adf0 d source_help_text
81e2ae40 d do_echo
81e2ae44 d dp_last_length
81e2ae48 d curr_device
81e2ae4c d imgextract_help_text
81e2aea1 d env_help_text
81e2b0bc d env_id
81e2b0c0 d cmd_env_sub
81e2b198 D env_htab
81e2b1a8 d av_
81e2b5b0 d sbrk_base
81e2b5b4 d trim_threshold
81e2b5b8 D load_addr
81e2b5bc D stdio_names
81e2b5c8 d _aVendorFlash
81e2c9c8 D msdc_cap
81e2ca28 D g_mtk_mmc_block
81e2ca9c D g_mtk_mmc_block_sd
81e2cb10 D g_mtk_mmc_block_emmc
81e2cb84 d fstypes
81e2cbc4 D NetOurNativeVLAN
81e2cbc8 d first_call.6440
81e2cbcc D NetBcastAddr
81e2cbd2 D NetOurVLAN
81e2cbd4 d TftpTimeoutCountMax
81e2cbd8 D TftpRRQTimeoutCountMax
81e2cbdc d TftpBlkSizeOption
81e2cbe0 d TftpTimeoutMSecs
81e2cbe4 d TftpBlkSize
81e2cbf4 D _u_boot_list_2_cmd_2_backup_message
81e2cbf4 d start.6150
81e2cbf4 d start.6154
81e2cbf4 d start.6199
81e2cbf4 d start.6203
81e2cc0c D _u_boot_list_2_cmd_2_base
81e2cc24 D _u_boot_list_2_cmd_2_bdinfo
81e2cc3c D _u_boot_list_2_cmd_2_boot
81e2cc54 D _u_boot_list_2_cmd_2_bootd
81e2cc6c D _u_boot_list_2_cmd_2_bootm
81e2cc84 D _u_boot_list_2_cmd_2_bootmenu
81e2cc9c D _u_boot_list_2_cmd_2_bootp
81e2ccb4 D _u_boot_list_2_cmd_2_cmp
81e2cccc D _u_boot_list_2_cmd_2_coninfo
81e2cce4 D _u_boot_list_2_cmd_2_cp
81e2ccfc D _u_boot_list_2_cmd_2_crc32
81e2cd14 D _u_boot_list_2_cmd_2_echo
81e2cd2c D _u_boot_list_2_cmd_2_editenv
81e2cd44 D _u_boot_list_2_cmd_2_emmc
81e2cd5c D _u_boot_list_2_cmd_2_env
81e2cd74 D _u_boot_list_2_cmd_2_esw_read
81e2cd8c D _u_boot_list_2_cmd_2_exit
81e2cda4 D _u_boot_list_2_cmd_2_false
81e2cdbc D _u_boot_list_2_cmd_2_fatinfo
81e2cdd4 D _u_boot_list_2_cmd_2_fatload
81e2cdec D _u_boot_list_2_cmd_2_fatls
81e2ce04 D _u_boot_list_2_cmd_2_go
81e2ce1c D _u_boot_list_2_cmd_2_help
81e2ce34 D _u_boot_list_2_cmd_2_image_blks
81e2ce4c D _u_boot_list_2_cmd_2_image_check
81e2ce64 D _u_boot_list_2_cmd_2_iminfo
81e2ce7c D _u_boot_list_2_cmd_2_imxtract
81e2ce94 D _u_boot_list_2_cmd_2_itest
81e2ceac D _u_boot_list_2_cmd_2_loadb
81e2cec4 D _u_boot_list_2_cmd_2_loads
81e2cedc D _u_boot_list_2_cmd_2_loadx
81e2cef4 D _u_boot_list_2_cmd_2_loady
81e2cf0c D _u_boot_list_2_cmd_2_loop
81e2cf24 D _u_boot_list_2_cmd_2_md
81e2cf3c D _u_boot_list_2_cmd_2_mdio
81e2cf54 D _u_boot_list_2_cmd_2_mm
81e2cf6c D _u_boot_list_2_cmd_2_mmc
81e2cf84 D _u_boot_list_2_cmd_2_mmc2
81e2cf9c D _u_boot_list_2_cmd_2_mmcinfo
81e2cfb4 D _u_boot_list_2_cmd_2_mtk_image_blks
81e2cfcc D _u_boot_list_2_cmd_2_mw
81e2cfe4 D _u_boot_list_2_cmd_2_nm
81e2cffc D _u_boot_list_2_cmd_2_nor
81e2d014 D _u_boot_list_2_cmd_2_ping
81e2d02c D _u_boot_list_2_cmd_2_printenv
81e2d044 D _u_boot_list_2_cmd_2_question_mark
81e2d05c D _u_boot_list_2_cmd_2_reco_message
81e2d074 D _u_boot_list_2_cmd_2_reg
81e2d08c D _u_boot_list_2_cmd_2_reset
81e2d0a4 D _u_boot_list_2_cmd_2_run
81e2d0bc D _u_boot_list_2_cmd_2_saveenv
81e2d0d4 D _u_boot_list_2_cmd_2_serious_image_check
81e2d0ec D _u_boot_list_2_cmd_2_setenv
81e2d104 D _u_boot_list_2_cmd_2_showvar
81e2d11c D _u_boot_list_2_cmd_2_sleep
81e2d134 D _u_boot_list_2_cmd_2_snor
81e2d14c D _u_boot_list_2_cmd_2_source
81e2d164 D _u_boot_list_2_cmd_2_test
81e2d17c D _u_boot_list_2_cmd_2_tftpboot
81e2d194 D _u_boot_list_2_cmd_2_true
81e2d1ac D _u_boot_list_2_cmd_2_uboot_check
81e2d1c4 D _u_boot_list_2_cmd_2_version
81e2d1dc D _u_boot_list_2_env_clbk_2_baudrate
81e2d1dc d end.6157
81e2d1dc d end.6206
81e2d1dc d start.6293
81e2d1dc d start.6300
81e2d1e4 D _u_boot_list_2_env_clbk_2_bootfile
81e2d1ec D _u_boot_list_2_env_clbk_2_callbacks
81e2d1f4 D _u_boot_list_2_env_clbk_2_console
81e2d1fc D _u_boot_list_2_env_clbk_2_flags
81e2d204 D _u_boot_list_2_env_clbk_2_loadaddr
81e2d20c B __bss_base
81e2d20c B __bss_start
81e2d20c B monitor_flash_len
81e2d20c D __image_copy_end
81e2d20c D __rel_dyn_start
81e2d20c d end.6296
81e2d210 b params
81e2d214 B g_total_rank_size
81e2d218 B g_rank_size
81e2d228 B g_nr_bank
81e2d22c B boot_addr
81e2d2a0 B g_boot_arg
81e2d2a4 b timestamp
81e2d2a8 b lastinc
81e2d2ac B console_buffer
81e2d6b0 b flag_repeat
81e2d6b4 b the_command.6410
81e2dab4 b buf.6610
81e2dadc b ifs
81e2dae0 b last_return_code
81e2dae4 b map
81e2dbe4 b do_repeat
81e2dbe8 b top_vars
81e2dbec b xyz
81e2e020 B images
81e2e150 b callback_list
81e2e154 b flags_list
81e2e158 b send_parms
81e2e16c b os_data_addr_saved
81e2e170 b his_pad_char
81e2e171 b a_b
81e2e18c b os_data_char
81e2e190 b os_data_state
81e2e194 b k_data_escape
81e2e198 b os_data_state_saved
81e2e19c b os_data_addr
81e2e1a0 b send_ptr
81e2e1a4 b his_pad_count
81e2e1a8 b bin_start_address
81e2e1ac b his_quote
81e2e1b0 b os_data_init
81e2e1b4 b his_eol
81e2e1b8 b k_data_escape_saved
81e2e1bc b dp_last_addr
81e2e1c0 b base_address
81e2e1c4 b mm_last_size
81e2e1c8 b mm_last_addr
81e2e1cc b dp_last_size
81e2e1d0 b ctrlc_was_pressed
81e2e1d4 b ctrlc_disabled
81e2e1d8 b max_total_mem
81e2e1dc B mem_malloc_brk
81e2e1e0 b max_sbrked_mem
81e2e1e4 b current_mallinfo
81e2e20c B mem_malloc_end
81e2e210 b top_pad
81e2e214 B mem_malloc_start
81e2e218 B stdio_devices
81e2e224 b devs
81e2e260 B protect_2nd_nor
81e2e264 b mt53xx_nor
81e2e268 B u4MenuID
81e2e26c B enable_protect_ro
81e2e270 b msdc_priv
81e2e470 b sd_card
81e2eff0 b sd_host
81e2f190 b mtk_mmc
81e2f308 B is_mtk_init
81e2f30c b mtk_mmc_data_priv
81e2f310 b tx_ring0
81e2f314 B RxPktBuf
81e3260c R __rel_dyn_end
81e3260c R _image_binary_end
81e45b14 b rx_desc_threshold
81e45b18 b tx_cpu_owner_idx0
81e45b1c B register_control
81e45b20 B rt2880_busing_buf_list
81e45b40 b tx_ring0_cache
81e45bc0 b rx_ring_cache
81e45c40 b rx_ring
81e45c44 B rt2880_free_buf_list
81e45c4c B PKT_HEADER_Buf
81e45c50 b rx_desc_cnt
81e45c54 b rx_dma_owner_idx0
81e45c58 b rt2880_free_buf
81e45f28 b PKT_HEADER_Buf_Pool
81e5c768 b rt2880_eth_initd
81e5c76c b serial_devices
81e5c770 b serial_current
81e5c774 b fs_partition
81e5c7c4 b fs_type
81e5c7c8 b fs_dev_desc
81e5c800 B do_fat_read_at_block
81e6c800 B get_dentfromdir_block
81e7c800 b cur_part_info
81e7c880 B get_contents_vfatname_block
81e8c880 b cur_dev
81e8c884 B errno
81e8c888 B NetArpWaitPacketIP
81e8c88c B NetArpWaitTimerStart
81e8c890 b NetArpWaitReplyIP
81e8c894 B NetArpWaitTxPacketSize
81e8c898 B NetArpWaitTry
81e8c89c b NetArpTxPacket
81e8c8a0 b NetArpPacketBuf
81e8cee0 B NetArpWaitPacketMAC
81e8cee4 B BootpTry
81e8cee8 B BootpID
81e8ceec b index.6665
81e8cef0 b env_changed_id.6718
81e8cef4 b act.6717
81e8cef8 B eth_current
81e8cefc b first_failed.6712
81e8cf00 b eth_devices
81e8cf04 B NetOurEther
81e8cf0c B NetServerIP
81e8cf10 b NetRestarted
81e8cf14 b env_changed_id.6429
81e8cf18 B net_state
81e8cf1c B NetRxPackets
81e8d00c B NetBootFileSize
81e8d00e B NetEtherNullAddr
81e8d014 B NetRxPacket
81e8d018 b udp_packet_handler
81e8d01c b NetDevExists
81e8d020 b timeStart
81e8d024 b timeHandler
81e8d028 b NetTryCount
81e8d02c B NetOurNISDomain
81e8d04c B PktBuf
81ea3e8c B NetOurSubnetMask
81ea3e90 B NetTxPacket
81ea3e94 B NetBootFileXferSize
81ea3e98 B NetOurIP
81ea3e9c B NetOurDNSIP
81ea3ea0 B NetIPID
81ea3ea4 B NetOurGatewayIP
81ea3ea8 b arp_packet_handler
81ea3eac B NetOurHostName
81ea3ecc B NetRestartWrap
81ea3ed0 B NetRxPacketLen
81ea3ed4 B BootFile
81ea3f54 b timeDelta
81ea3f58 B NetServerEther
81ea3f60 B NetUipLoop
81ea3f64 B NetOurRootPath
81ea3fa4 B NetPingIP
81ea3fa8 b PingSeqNo
81ea3fac b time_start
81ea3fb0 b TftpTimeoutCount
81ea3fb4 b TftpBlockWrap
81ea3fb8 b TftpBlock
81ea3fbc b TftpOurPort
81ea3fc0 b TftpRemoteIP
81ea3fc4 b TftpState
81ea3fc8 b TftpRemotePort
81ea3fcc b default_filename
81ea3fd9 b tftp_filename
81ea405c b TftpBlockWrapOffset
81ea4060 b TftpLastBlock
81ea4064 B __bss_end
81ea4064 B __bss_limit
