Archive member included to satisfy reference by file (symbol)

/usr/lib/gcc-cross/arm-linux-gnueabihf/5/libgcc.a(_udivsi3.o)
                              board/mediatek/common/built-in.o (__aeabi_uidiv)
/usr/lib/gcc-cross/arm-linux-gnueabihf/5/libgcc.a(_divsi3.o)
                              common/built-in.o (__aeabi_idiv)
/usr/lib/gcc-cross/arm-linux-gnueabihf/5/libgcc.a(_lshrdi3.o)
                              lib/built-in.o (__aeabi_llsr)
/usr/lib/gcc-cross/arm-linux-gnueabihf/5/libgcc.a(_ashldi3.o)
                              lib/built-in.o (__aeabi_llsl)
/usr/lib/gcc-cross/arm-linux-gnueabihf/5/libgcc.a(_dvmd_lnx.o)
                              /usr/lib/gcc-cross/arm-linux-gnueabihf/5/libgcc.a(_udivsi3.o) (__aeabi_idiv0)

Discarded input sections

 .data          0x0000000000000000        0x0 arch/arm/cpu/armv7/start.o
 .bss           0x0000000000000000        0x0 arch/arm/cpu/armv7/start.o
 .text          0x0000000000000000        0x0 arch/arm/cpu/armv7/built-in.o
 .text.flush_dcache_all
                0x0000000000000000        0x4 arch/arm/cpu/armv7/built-in.o
 .text.arm_init_before_mmu
                0x0000000000000000        0x4 arch/arm/cpu/armv7/built-in.o
 .text.mmu_page_table_flush
                0x0000000000000000        0x4 arch/arm/cpu/armv7/built-in.o
 .text.arm_init_domains
                0x0000000000000000        0x4 arch/arm/cpu/armv7/built-in.o
 .text.__v7_outer_cache_enable
                0x0000000000000000        0x4 arch/arm/cpu/armv7/built-in.o
 .text.__v7_outer_cache_flush_all
                0x0000000000000000        0x4 arch/arm/cpu/armv7/built-in.o
 .text.__v7_outer_cache_inval_all
                0x0000000000000000        0x4 arch/arm/cpu/armv7/built-in.o
 .text.__v7_outer_cache_flush_range
                0x0000000000000000        0x4 arch/arm/cpu/armv7/built-in.o
 .text.__v7_outer_cache_inval_range
                0x0000000000000000        0x4 arch/arm/cpu/armv7/built-in.o
 .text.sdelay   0x0000000000000000        0xc arch/arm/cpu/armv7/built-in.o
 .text.sr32     0x0000000000000000       0x20 arch/arm/cpu/armv7/built-in.o
 .text.wait_on_value
                0x0000000000000000       0x34 arch/arm/cpu/armv7/built-in.o
 .data          0x0000000000000000        0x0 arch/arm/cpu/armv7/built-in.o
 .bss           0x0000000000000000        0x0 arch/arm/cpu/armv7/built-in.o
 .data          0x0000000000000000        0x0 arch/arm/cpu/armv7/mt7623/built-in.o
 .bss           0x0000000000000000        0x0 arch/arm/cpu/armv7/mt7623/built-in.o
 .text.__arch_cpu_init
                0x0000000000000000        0x8 arch/arm/lib/built-in.o
 .text.__red_led_off
                0x0000000000000000        0x4 arch/arm/lib/built-in.o
 .text.__green_led_on
                0x0000000000000000        0x4 arch/arm/lib/built-in.o
 .text.__green_led_off
                0x0000000000000000        0x4 arch/arm/lib/built-in.o
 .text.__yellow_led_on
                0x0000000000000000        0x4 arch/arm/lib/built-in.o
 .text.__yellow_led_off
                0x0000000000000000        0x4 arch/arm/lib/built-in.o
 .text.__blue_led_on
                0x0000000000000000        0x4 arch/arm/lib/built-in.o
 .text.__blue_led_off
                0x0000000000000000        0x4 arch/arm/lib/built-in.o
 .text.__flush_cache
                0x0000000000000000        0x4 arch/arm/lib/built-in.o
 .text.__flush_dcache_all
                0x0000000000000000        0xc arch/arm/lib/built-in.o
 .text.__arm_init_before_mmu
                0x0000000000000000        0x4 arch/arm/lib/built-in.o
 .text.arm_init_domains
                0x0000000000000000        0x4 arch/arm/lib/built-in.o
 .text.set_section_dcache
                0x0000000000000000       0x14 arch/arm/lib/built-in.o
 .text.__mmu_page_table_flush
                0x0000000000000000        0x4 arch/arm/lib/built-in.o
 .text.mmu_set_region_dcache_behaviour
                0x0000000000000000       0x4c arch/arm/lib/built-in.o
 .text.dram_bank_mmu_setup
                0x0000000000000000       0x40 arch/arm/lib/built-in.o
 .text.icache_status
                0x0000000000000000        0xc arch/arm/lib/built-in.o
 .text.dcache_enable
                0x0000000000000000        0x4 arch/arm/lib/built-in.o
 .text.dcache_status
                0x0000000000000000        0x8 arch/arm/lib/built-in.o
 .data          0x0000000000000000        0x0 arch/arm/lib/built-in.o
 .__end         0x0000000000000000        0x0 arch/arm/lib/built-in.o
 .bss           0x0000000000000000        0x0 arch/arm/lib/built-in.o
 .text          0x0000000000000000        0x0 board/mediatek/common/built-in.o
 .data          0x0000000000000000        0x0 board/mediatek/common/built-in.o
 .data.ctp_load_addr
                0x0000000000000000        0x4 board/mediatek/common/built-in.o
 .bss           0x0000000000000000        0x0 board/mediatek/common/built-in.o
 .text          0x0000000000000000        0x0 board/mediatek/mt7623_evb/built-in.o
 .text.ft_board_setup
[...]
Memory Configuration

Name             Origin             Length             Attributes
*default*        0x0000000000000000 0xffffffffffffffff

Linker script and memory map

Address of section .text set to 0x81e00000
                0x0000000000000000                . = 0x0
                0x0000000000000000                . = ALIGN (0x4)

.text           0x0000000081e00000    0x210dc
 *(.__image_copy_start)
 .__image_copy_start
                0x0000000081e00000        0x0 arch/arm/lib/built-in.o
                0x0000000081e00000                __image_copy_start
 arch/arm/cpu/armv7/start.o(.text*)
 .text          0x0000000081e00000      0x36c arch/arm/cpu/armv7/start.o
                0x0000000081e00000                _start
                0x0000000081e00020                _undefined_instruction
                0x0000000081e00024                _software_interrupt
                0x0000000081e00028                _prefetch_abort
                0x0000000081e0002c                _data_abort
                0x0000000081e00030                _not_used
                0x0000000081e00034                _irq
                0x0000000081e00038                _fiq
                0x0000000081e00040                _end_vect
                0x0000000081e00040                IRQ_STACK_START_IN
                0x0000000081e00084                c_runtime_cpu_setup
                0x0000000081e000a0                cpu_init_cp15
                0x0000000081e000d8                cpu_init_crit
 *(.text*)
 .text.invalidate_dcache_all
                0x0000000081e0036c        0x4 arch/arm/cpu/armv7/built-in.o
                0x0000000081e0036c                invalidate_dcache_all
 .text.invalidate_dcache_range
                0x0000000081e00370        0x4 arch/arm/cpu/armv7/built-in.o
                0x0000000081e00370                invalidate_dcache_range
 .text.flush_dcache_range
                0x0000000081e00374        0x4 arch/arm/cpu/armv7/built-in.o
                0x0000000081e00374                flush_dcache_range
 .text.flush_cache
                0x0000000081e00378        0x4 arch/arm/cpu/armv7/built-in.o
                0x0000000081e00378                flush_cache
 .text.invalidate_icache_all
                0x0000000081e0037c       0x18 arch/arm/cpu/armv7/built-in.o
                0x0000000081e0037c                invalidate_icache_all
 .text.__v7_outer_cache_disable
                0x0000000081e00394        0x4 arch/arm/cpu/armv7/built-in.o
                0x0000000081e00394                v7_outer_cache_disable
                0x0000000081e00394                __v7_outer_cache_disable
 .text.cpu_cache_initialization
                0x0000000081e00398        0x4 arch/arm/cpu/armv7/built-in.o
                0x0000000081e00398                cpu_cache_initialization
 .text.cleanup_before_linux
                0x0000000081e0039c       0x28 arch/arm/cpu/armv7/built-in.o
                0x0000000081e0039c                cleanup_before_linux
 .text          0x0000000081e003c4       0x24 arch/arm/cpu/armv7/mt7623/built-in.o
                0x0000000081e003c4                BOOT_ARGUMENT_LOCATION
                0x0000000081e003c8                save_boot_params
                0x0000000081e003d4                lowlevel_init
 .text.arch_cpu_init
                0x0000000081e003e8       0x10 arch/arm/cpu/armv7/mt7623/built-in.o
                0x0000000081e003e8                arch_cpu_init
 .text.reset_cpu
                0x0000000081e003f8        0x4 arch/arm/cpu/armv7/mt7623/built-in.o
                0x0000000081e003f8                reset_cpu
 .text          0x0000000081e003fc       0xe8 arch/arm/lib/built-in.o
                0x0000000081e003fc                _main
                0x0000000081e00480                relocate_code
 .text.print_cpuinfo
                0x0000000081e004e4        0x8 arch/arm/lib/built-in.o
 .text.display_banner
                0x0000000081e004ec       0x20 arch/arm/lib/built-in.o
 .text.init_baudrate
                0x0000000081e0050c       0x2c arch/arm/lib/built-in.o
 .text.mark_bootstage
                0x0000000081e00538       0x14 arch/arm/lib/built-in.o
 .text.__coloured_LED_init
                0x0000000081e0054c        0x4 arch/arm/lib/built-in.o
                0x0000000081e0054c                coloured_LED_init
                0x0000000081e0054c                __coloured_LED_init
 .text.__red_led_on
                0x0000000081e00550        0x4 arch/arm/lib/built-in.o
                0x0000000081e00550                __red_led_on
                0x0000000081e00550                red_led_on
 .text.__dram_init_banksize
                0x0000000081e00554       0x1c arch/arm/lib/built-in.o
                0x0000000081e00554                __dram_init_banksize
                0x0000000081e00554                dram_init_banksize
 .text.__power_init_board
                0x0000000081e00570        0x8 arch/arm/lib/built-in.o
                0x0000000081e00570                __power_init_board
                0x0000000081e00570                power_init_board
 .text.board_init_f
                0x0000000081e00578      0x130 arch/arm/lib/built-in.o
                0x0000000081e00578                board_init_f
 .text.config_shared_SRAM_size
                0x0000000081e006a8       0x44 arch/arm/lib/built-in.o
                0x0000000081e006a8                config_shared_SRAM_size
 .text.board_init_r
                0x0000000081e006ec       0xc8 arch/arm/lib/built-in.o
                0x0000000081e006ec                board_init_r
 .text.boot_jump_linux.isra.4
                0x0000000081e007b4       0xa4 arch/arm/lib/built-in.o
 .text.arch_lmb_reserve
                0x0000000081e00858       0x24 arch/arm/lib/built-in.o
                0x0000000081e00858                arch_lmb_reserve
 .text.setup_board_tags
                0x0000000081e0087c        0x4 arch/arm/lib/built-in.o
                0x0000000081e0087c                setup_board_tags
 .text.boot_prep_linux
                0x0000000081e00880      0x148 arch/arm/lib/built-in.o
 .text.do_bootm_linux
                0x0000000081e009c8       0x64 arch/arm/lib/built-in.o
                0x0000000081e009c8                do_bootm_linux
 .text.boot_prep_vxworks
                0x0000000081e00a2c        0x4 arch/arm/lib/built-in.o
                0x0000000081e00a2c                boot_prep_vxworks
 .text.boot_jump_vxworks
                0x0000000081e00a30        0xc arch/arm/lib/built-in.o
                0x0000000081e00a30                boot_jump_vxworks
 .text.interrupt_init
                0x0000000081e00a3c       0x1c arch/arm/lib/built-in.o
                0x0000000081e00a3c                interrupt_init
 .text.enable_interrupts
                0x0000000081e00a58        0x4 arch/arm/lib/built-in.o
                0x0000000081e00a58                enable_interrupts
 .text.disable_interrupts
                0x0000000081e00a5c        0x8 arch/arm/lib/built-in.o
                0x0000000081e00a5c                disable_interrupts
 .text.bad_mode
                0x0000000081e00a64       0x10 arch/arm/lib/built-in.o
                0x0000000081e00a64                bad_mode
 .text.show_regs
                0x0000000081e00a74      0x13c arch/arm/lib/built-in.o
                0x0000000081e00a74                show_regs
 .text.do_undefined_instruction
                0x0000000081e00bb0       0x20 arch/arm/lib/built-in.o
                0x0000000081e00bb0                do_undefined_instruction
 .text.do_software_interrupt
                0x0000000081e00bd0       0x20 arch/arm/lib/built-in.o
                0x0000000081e00bd0                do_software_interrupt
 .text.do_prefetch_abort
                0x0000000081e00bf0       0x20 arch/arm/lib/built-in.o
                0x0000000081e00bf0                do_prefetch_abort
 .text.do_data_abort
                0x0000000081e00c10       0x20 arch/arm/lib/built-in.o
                0x0000000081e00c10                do_data_abort
 .text.do_not_used
                0x0000000081e00c30       0x20 arch/arm/lib/built-in.o
                0x0000000081e00c30                do_not_used
 .text.do_fiq   0x0000000081e00c50       0x20 arch/arm/lib/built-in.o
                0x0000000081e00c50                do_fiq
 .text.do_irq   0x0000000081e00c70       0x20 arch/arm/lib/built-in.o
                0x0000000081e00c70                do_irq
 .text.do_reset
                0x0000000081e00c90       0x2c arch/arm/lib/built-in.o
                0x0000000081e00c90                do_reset
 .text.__enable_caches
                0x0000000081e00cbc        0xc arch/arm/lib/built-in.o
                0x0000000081e00cbc                enable_caches
                0x0000000081e00cbc                __enable_caches
 .text.cp_delay
                0x0000000081e00cc8       0x30 arch/arm/lib/built-in.o
 .text.icache_enable
                0x0000000081e00cf8       0x18 arch/arm/lib/built-in.o
                0x0000000081e00cf8                icache_enable
 .text.icache_disable
                0x0000000081e00d10       0x1c arch/arm/lib/built-in.o
                0x0000000081e00d10                icache_disable
 .text.dcache_disable
                0x0000000081e00d2c        0x4 arch/arm/lib/built-in.o
                0x0000000081e00d2c                dcache_disable
 .text.do_backup_message
                0x0000000081e00d30        0xc board/mediatek/common/built-in.o
                0x0000000081e00d30                do_backup_message
 .text.do_reco_message
                0x0000000081e00d3c        0xc board/mediatek/common/built-in.o
                0x0000000081e00d3c                do_reco_message
 .text.do_read_image_blks
                0x0000000081e00d48       0xfc board/mediatek/common/built-in.o
                0x0000000081e00d48                do_read_image_blks
 .text.do_read_mtk_image_blks
                0x0000000081e00e44      0x184 board/mediatek/common/built-in.o
                0x0000000081e00e44                do_read_mtk_image_blks
 .text.do_serious_image_check
                0x0000000081e00fc8       0xcc board/mediatek/common/built-in.o
                0x0000000081e00fc8                do_serious_image_check
 .text.do_image_check
                0x0000000081e01094       0x70 board/mediatek/common/built-in.o
                0x0000000081e01094                do_image_check
 .text.do_uboot_check
                0x0000000081e01104       0x70 board/mediatek/common/built-in.o
                0x0000000081e01104                do_uboot_check
 .text.dram_init
                0x0000000081e01174       0xcc board/mediatek/mt7623_evb/built-in.o
                0x0000000081e01174                dram_init
 .text.board_init
                0x0000000081e01240       0x24 board/mediatek/mt7623_evb/built-in.o
                0x0000000081e01240                board_init
 .text.board_late_init
                0x0000000081e01264       0x48 board/mediatek/mt7623_evb/built-in.o
                0x0000000081e01264                board_late_init
 .text.board_eth_init
                0x0000000081e012ac       0x10 board/mediatek/mt7623_evb/built-in.o
                0x0000000081e012ac                board_eth_init
 .text.gpt4_get_current_tick
                0x0000000081e012bc       0x4c board/mediatek/mt7623_evb/built-in.o
                0x0000000081e012bc                gpt4_get_current_tick
 .text.gpt4_timeout_tick
                0x0000000081e01308       0x28 board/mediatek/mt7623_evb/built-in.o
                0x0000000081e01308                gpt4_timeout_tick
 .text.gpt_busy_wait_us
                0x0000000081e01330       0x3c board/mediatek/mt7623_evb/built-in.o
                0x0000000081e01330                gpt_busy_wait_us
 .text.reset_timer_masked
                0x0000000081e0136c       0x40 board/mediatek/mt7623_evb/built-in.o
                0x0000000081e0136c                reset_timer_masked
 .text.get_timer_masked
                0x0000000081e013ac       0x8c board/mediatek/mt7623_evb/built-in.o
                0x0000000081e013ac                get_timer_masked
 .text.get_timer
                0x0000000081e01438       0x20 board/mediatek/mt7623_evb/built-in.o
                0x0000000081e01438                get_timer
 .text.__udelay
                0x0000000081e01458        0x4 board/mediatek/mt7623_evb/built-in.o
                0x0000000081e01458                __udelay
 .text.mtk_timer_init
                0x0000000081e0145c       0x38 board/mediatek/mt7623_evb/built-in.o
                0x0000000081e0145c                mtk_timer_init
 .text.uart_setbrg
                0x0000000081e01494      0x144 board/mediatek/mt7623_evb/built-in.o
                0x0000000081e01494                uart_setbrg
 .text.uart_init_early
                0x0000000081e015d8       0x3c board/mediatek/mt7623_evb/built-in.o
                0x0000000081e015d8                uart_init_early
 .text.uart_putc
                0x0000000081e01614       0x44 board/mediatek/mt7623_evb/built-in.o
                0x0000000081e01614                uart_putc
 .text.uart_getc
                0x0000000081e01658       0x24 board/mediatek/mt7623_evb/built-in.o
                0x0000000081e01658                uart_getc
 .text.uart_puts
                0x0000000081e0167c       0x20 board/mediatek/mt7623_evb/built-in.o
                0x0000000081e0167c                uart_puts
 .text.uart_tstc
                0x0000000081e0169c       0x18 board/mediatek/mt7623_evb/built-in.o
                0x0000000081e0169c                uart_tstc
 .text.pl01x_serial_initialize
                0x0000000081e016b4        0xc board/mediatek/mt7623_evb/built-in.o
                0x0000000081e016b4                pl01x_serial_initialize
 .text.default_serial_console
                0x0000000081e016c0        0xc board/mediatek/mt7623_evb/built-in.o
                0x0000000081e016c0                default_serial_console
 .text.mtk_wdt_mode_config.constprop.0
                0x0000000081e016cc       0x8c board/mediatek/mt7623_evb/built-in.o
 .text.mtk_wdt_disable
                0x0000000081e01758       0x1c board/mediatek/mt7623_evb/built-in.o
                0x0000000081e01758                mtk_wdt_disable
 .text.mtk_wdt_set_time_out_value
                0x0000000081e01774       0x18 board/mediatek/mt7623_evb/built-in.o
                0x0000000081e01774                mtk_wdt_set_time_out_value
 .text.mtk_wdt_hw_reset
                0x0000000081e0178c       0x40 board/mediatek/mt7623_evb/built-in.o
                0x0000000081e0178c                mtk_wdt_hw_reset
 .text.delete_char.part.0
                0x0000000081e017cc       0xd4 common/built-in.o
 .text.__show_boot_progress
                0x0000000081e018a0        0x4 common/built-in.o
                0x0000000081e018a0                __show_boot_progress
                0x0000000081e018a0                show_boot_progress
 .text.readline_into_buffer
                0x0000000081e018a4      0x1f4 common/built-in.o
                0x0000000081e018a4                readline_into_buffer
 .text.readline
                0x0000000081e01a98       0x14 common/built-in.o
                0x0000000081e01a98                readline
 .text.run_command
                0x0000000081e01aac        0x8 common/built-in.o
                0x0000000081e01aac                run_command
 .text.run_command_list
                0x0000000081e01ab4       0x5c common/built-in.o
                0x0000000081e01ab4                run_command_list
 .text.main_loop
                0x0000000081e01b10      0x110 common/built-in.o
                0x0000000081e01b10                main_loop
 .text.do_run   0x0000000081e01c20       0x74 common/built-in.o
                0x0000000081e01c20                do_run
 .text.find_cmd_tbl
                0x0000000081e01c94       0xa4 common/built-in.o
                0x0000000081e01c94                find_cmd_tbl
 .text.find_cmd
                0x0000000081e01d38       0x28 common/built-in.o
                0x0000000081e01d38                find_cmd
 .text.cmd_usage
                0x0000000081e01d60       0x5c common/built-in.o
                0x0000000081e01d60                cmd_usage
 .text._do_help
                0x0000000081e01dbc      0x188 common/built-in.o
                0x0000000081e01dbc                _do_help
 .text.cmd_get_data_size
                0x0000000081e01f44       0x5c common/built-in.o
                0x0000000081e01f44                cmd_get_data_size
 .text.cmd_process
                0x0000000081e01fa0       0xec common/built-in.o
                0x0000000081e01fa0                cmd_process
 .text.dummy    0x0000000081e0208c        0x4 common/built-in.o
 .text.get_version
                0x0000000081e02090        0x8 common/built-in.o
                0x0000000081e02090                get_version
 .text.jumptable_init
                0x0000000081e02098      0x190 common/built-in.o
                0x0000000081e02098                jumptable_init
 .text.hash_command
                0x0000000081e02228       0xa0 common/built-in.o
                0x0000000081e02228                hash_command
 .text.b_reset  0x0000000081e022c8       0x1c common/built-in.o
 .text.static_get
                0x0000000081e022e4       0x1c common/built-in.o
 .text.file_peek
                0x0000000081e02300        0xc common/built-in.o
 .text.mapset   0x0000000081e0230c       0x20 common/built-in.o
 .text.syntax_err
                0x0000000081e0232c        0xc common/built-in.o
 .text.free_pipe_list
                0x0000000081e02338       0xec common/built-in.o
 .text.xmalloc  0x0000000081e02424       0x20 common/built-in.o
 .text.new_pipe
                0x0000000081e02444       0x28 common/built-in.o
 .text.xrealloc
                0x0000000081e0246c       0x20 common/built-in.o
 .text.done_command
                0x0000000081e0248c       0x84 common/built-in.o
 .text.done_pipe
                0x0000000081e02510       0x48 common/built-in.o
 .text.done_word
                0x0000000081e02558      0x2a8 common/built-in.o
 .text.do_showvar
                0x0000000081e02800      0x100 common/built-in.o
 .text.is_assignment
                0x0000000081e02900       0x5c common/built-in.o
 .text.file_get
                0x0000000081e0295c      0x1ec common/built-in.o
 .text.b_addchr
                0x0000000081e02b48       0x80 common/built-in.o
 .text.b_addqchr
                0x0000000081e02bc8       0x50 common/built-in.o
 .text.static_peek
                0x0000000081e02c18        0xc common/built-in.o
 .text.get_local_var
                0x0000000081e02c24       0xa0 common/built-in.o
                0x0000000081e02c24                get_local_var
 .text.set_local_var
                0x0000000081e02cc4      0x1ac common/built-in.o
                0x0000000081e02cc4                set_local_var
 .text.insert_var_value_sub
                0x0000000081e02e70      0x2c0 common/built-in.o
 .text.parse_string_outer
                0x0000000081e03130       0xe4 common/built-in.o
                0x0000000081e03130                parse_string_outer
 .text.run_list_real
                0x0000000081e03214      0x768 common/built-in.o
 .text.parse_stream_outer
                0x0000000081e0397c      0x698 common/built-in.o
 .text.parse_file_outer
                0x0000000081e04014       0x44 common/built-in.o
                0x0000000081e04014                parse_file_outer
 .text.u_boot_hush_start
                0x0000000081e04058       0x54 common/built-in.o
                0x0000000081e04058                u_boot_hush_start
 .text.hex1_bin
                0x0000000081e040ac       0x40 common/built-in.o
 .text.hex2_bin
                0x0000000081e040ec       0x38 common/built-in.o
 .text.srec_decode
                0x0000000081e04124      0x250 common/built-in.o
                0x0000000081e04124                srec_decode
 .text.CYGACC_COMM_IF_GETC_TIMEOUT.isra.0
                0x0000000081e04374       0x5c common/built-in.o
 .text.xyzModem_flush
                0x0000000081e043d0       0x1c common/built-in.o
 .text.xyzModem_get_hdr
                0x0000000081e043ec      0x224 common/built-in.o
 .text.xyzModem_stream_open
                0x0000000081e04610      0x234 common/built-in.o
                0x0000000081e04610                xyzModem_stream_open
 .text.xyzModem_stream_read
                0x0000000081e04844      0x250 common/built-in.o
                0x0000000081e04844                xyzModem_stream_read
 .text.xyzModem_stream_close
                0x0000000081e04a94       0x54 common/built-in.o
                0x0000000081e04a94                xyzModem_stream_close
 .text.xyzModem_stream_terminate
                0x0000000081e04ae8       0x94 common/built-in.o
                0x0000000081e04ae8                xyzModem_stream_terminate
 .text.xyzModem_error
                0x0000000081e04b7c       0x20 common/built-in.o
                0x0000000081e04b7c                xyzModem_error
 .text.do_go_exec
                0x0000000081e04b9c       0x10 common/built-in.o
                0x0000000081e04b9c                do_go_exec
 .text.do_go    0x0000000081e04bac       0x6c common/built-in.o
 .text.copy_args
                0x0000000081e04c18       0x54 common/built-in.o
 .text.image_info
                0x0000000081e04c6c       0xcc common/built-in.o
 .text.do_bootd
                0x0000000081e04d38       0x24 common/built-in.o
                0x0000000081e04d38                do_bootd
 .text.do_bootm_rtems
                0x0000000081e04d5c       0x40 common/built-in.o
 .text.do_bootm_plan9
                0x0000000081e04d9c       0xa4 common/built-in.o
 .text.do_bootm_standalone
                0x0000000081e04e40       0x64 common/built-in.o
 .text.do_bootm_netbsd
                0x0000000081e04ea4       0xf8 common/built-in.o
 .text.do_iminfo
                0x0000000081e04f9c       0x5c common/built-in.o
 .text.__arch_preboot_os
                0x0000000081e04ff8        0x4 common/built-in.o
                0x0000000081e04ff8                arch_preboot_os
 .text.do_bootm_states.isra.10.constprop.11
                0x0000000081e04ffc      0x788 common/built-in.o
 .text.do_bootm
                0x0000000081e05784       0xe4 common/built-in.o
                0x0000000081e05784                do_bootm
 .text.bootm_maybe_autostart
                0x0000000081e05868       0x78 common/built-in.o
                0x0000000081e05868                bootm_maybe_autostart
 .text.do_bootvx_fdt
                0x0000000081e058e0       0x3c common/built-in.o
                0x0000000081e058e0                do_bootvx_fdt
 .text.do_bootm_vxworks
                0x0000000081e0591c       0x24 common/built-in.o
 .text.do_help  0x0000000081e05940       0x44 common/built-in.o
 .text.do_version
                0x0000000081e05984       0x38 common/built-in.o
 .text.env_attr_walk
                0x0000000081e059bc      0x120 common/built-in.o
                0x0000000081e059bc                env_attr_walk
 .text.env_attr_lookup
                0x0000000081e05adc      0x19c common/built-in.o
                0x0000000081e05adc                env_attr_lookup
 .text.clear_callback
                0x0000000081e05c78       0x10 common/built-in.o
 .text.find_env_callback
                0x0000000081e05c88       0x64 common/built-in.o
 .text.on_callbacks
                0x0000000081e05cec       0x48 common/built-in.o
 .text.set_callback
                0x0000000081e05d34       0x94 common/built-in.o
 .text.env_callback_init
                0x0000000081e05dc8       0xc4 common/built-in.o
                0x0000000081e05dc8                env_callback_init
 .text.skip_num
                0x0000000081e05e8c       0x78 common/built-in.o
 .text.clear_flags
                0x0000000081e05f04       0x10 common/built-in.o
 .text.on_flags
                0x0000000081e05f14       0x48 common/built-in.o
 .text.env_flags_parse_vartype
                0x0000000081e05f5c       0x50 common/built-in.o
                0x0000000081e05f5c                env_flags_parse_vartype
 .text.env_flags_parse_varaccess
                0x0000000081e05fac       0x58 common/built-in.o
                0x0000000081e05fac                env_flags_parse_varaccess
 .text.set_flags
                0x0000000081e06004       0xac common/built-in.o
 .text.env_flags_init
                0x0000000081e060b0       0xd8 common/built-in.o
                0x0000000081e060b0                env_flags_init
 .text.env_flags_validate
                0x0000000081e06188      0x318 common/built-in.o
                0x0000000081e06188                env_flags_validate
 .text.init_mmc_for_env
                0x0000000081e064a0       0x34 common/built-in.o
 .text.mmc_get_env_addr
                0x0000000081e064d4       0x10 common/built-in.o
                0x0000000081e064d4                mmc_get_env_addr
 .text.env_init
                0x0000000081e064e4       0x1c common/built-in.o
                0x0000000081e064e4                env_init
 .text.saveenv  0x0000000081e06500      0x198 common/built-in.o
                0x0000000081e06500                saveenv
 .text.env_relocate_spec
                0x0000000081e06698       0xdc common/built-in.o
                0x0000000081e06698                env_relocate_spec
 .text.source   0x0000000081e06774       0xd8 common/built-in.o
                0x0000000081e06774                source
 .text.do_source
                0x0000000081e0684c       0x44 common/built-in.o
                0x0000000081e0684c                do_source
 .text.print_num
                0x0000000081e06890       0x14 common/built-in.o
 .text.do_bdinfo
                0x0000000081e068a4      0x184 common/built-in.o
                0x0000000081e068a4                do_bdinfo
 .text.bootmenu_print_entry
                0x0000000081e06a28       0x68 common/built-in.o
 .text.bootmenu_destroy
                0x0000000081e06a90       0x44 common/built-in.o
 .text.bootmenu_choice_entry
                0x0000000081e06ad4      0x21c common/built-in.o
 .text.bootmenu_show
                0x0000000081e06cf0      0x38c common/built-in.o
 .text.do_bootmenu
                0x0000000081e0707c       0x48 common/built-in.o
                0x0000000081e0707c                do_bootmenu
 .text.menu_display_statusline
                0x0000000081e070c4       0xe4 common/built-in.o
                0x0000000081e070c4                menu_display_statusline
 .text.menu_show
                0x0000000081e071a8       0x10 common/built-in.o
                0x0000000081e071a8                menu_show
 .text.do_coninfo
                0x0000000081e071b8       0xc0 common/built-in.o
 .text.do_echo  0x0000000081e07278       0xb4 common/built-in.o
 .text.do_exit  0x0000000081e0732c       0x48 common/built-in.o
 .text.do_fat_fsload
                0x0000000081e07374       0x18 common/built-in.o
                0x0000000081e07374                do_fat_fsload
 .text.do_fat_ls
                0x0000000081e0738c       0x18 common/built-in.o
 .text.do_fat_fsinfo
                0x0000000081e073a4       0x90 common/built-in.o
 .text.evalexp  0x0000000081e07434       0x74 common/built-in.o
 .text.evalstr  0x0000000081e074a8       0x6c common/built-in.o
 .text.binary_test
                0x0000000081e07514      0x1c0 common/built-in.o
 .text.do_itest
                0x0000000081e076d4       0x88 common/built-in.o
 .text.bin_data_init
                0x0000000081e0775c       0x2c common/built-in.o
 .text.k_data_save
                0x0000000081e07788       0x4c common/built-in.o
 .text.k_data_restore
                0x0000000081e077d4       0x4c common/built-in.o
 .text.getcxmodem
                0x0000000081e07820       0x20 common/built-in.o
 .text.load_serial_ymodem
                0x0000000081e07840       0xcc common/built-in.o
 .text.bin_data_char
                0x0000000081e0790c       0x2c common/built-in.o
 .text.chk1.constprop.1
                0x0000000081e07938       0x2c common/built-in.o
 .text.s1_sendpacket.constprop.2
                0x0000000081e07964       0x50 common/built-in.o
 .text.load_serial
                0x0000000081e079b4      0x1f0 common/built-in.o
 .text.do_load_serial
                0x0000000081e07ba4       0xdc common/built-in.o
 .text.do_load_serial_bin
                0x0000000081e07c80      0x79c common/built-in.o
 .text.do_mem_mw
                0x0000000081e0841c       0xc0 common/built-in.o
 .text.do_mem_loop
                0x0000000081e084dc       0xec common/built-in.o
 .text.do_mem_md
                0x0000000081e085c8       0xe4 common/built-in.o
 .text.do_mem_cmp
                0x0000000081e086ac      0x168 common/built-in.o
 .text.do_mem_base
                0x0000000081e08814       0x40 common/built-in.o
 .text.do_mem_cp
                0x0000000081e08854       0xd8 common/built-in.o
 .text.do_mem_crc
                0x0000000081e0892c       0x48 common/built-in.o
 .text.mod_mem.isra.0
                0x0000000081e08974      0x174 common/built-in.o
 .text.do_mem_mm
                0x0000000081e08ae8        0x8 common/built-in.o
 .text.do_mem_nm
                0x0000000081e08af0        0x8 common/built-in.o
 .text.do_sleep
                0x0000000081e08af8       0x70 common/built-in.o
 .text.do_mmcops
                0x0000000081e08b68      0x24c common/built-in.o
 .text.do_mmc   0x0000000081e08db4      0x15c common/built-in.o
                0x0000000081e08db4                do_mmc
 .text.do_emmcops
                0x0000000081e08f10      0x1d0 common/built-in.o
 .text.do_mmcinfo
                0x0000000081e090e0      0x17c common/built-in.o
 .text.netboot_common
                0x0000000081e0925c      0x294 common/built-in.o
 .text.do_bootp
                0x0000000081e094f0        0xc common/built-in.o
 .text.do_tftpb
                0x0000000081e094fc       0x40 common/built-in.o
                0x0000000081e094fc                do_tftpb
 .text.do_ping  0x0000000081e0953c       0x78 common/built-in.o
 .text.do_false
                0x0000000081e095b4        0x8 common/built-in.o
 .text.do_true  0x0000000081e095bc        0x8 common/built-in.o
 .text.do_test  0x0000000081e095c4      0x338 common/built-in.o
 .text.do_imgextract
                0x0000000081e098fc      0x280 common/built-in.o
 .text.menu_default_choice
                0x0000000081e09b7c       0x1c common/built-in.o
                0x0000000081e09b7c                menu_default_choice
 .text.menu_default_set
                0x0000000081e09b98       0x88 common/built-in.o
                0x0000000081e09b98                menu_default_set
 .text.menu_get_choice
                0x0000000081e09c20      0x1e0 common/built-in.o
                0x0000000081e09c20                menu_get_choice
 .text.menu_item_add
                0x0000000081e09e00       0xdc common/built-in.o
                0x0000000081e09e00                menu_item_add
 .text.menu_create
                0x0000000081e09edc       0x90 common/built-in.o
                0x0000000081e09edc                menu_create
 .text.menu_destroy
                0x0000000081e09f6c       0x74 common/built-in.o
                0x0000000081e09f6c                menu_destroy
 .text.do_env_delete
                0x0000000081e09fe0       0xa0 common/built-in.o
 .text.do_env_save
                0x0000000081e0a080       0x2c common/built-in.o
 .text.do_env   0x0000000081e0a0ac       0x68 common/built-in.o
 .text.env_print
                0x0000000081e0a114       0xc0 common/built-in.o
 .text.do_env_print
                0x0000000081e0a1d4       0xc8 common/built-in.o
 .text.do_env_import
                0x0000000081e0a29c      0x244 common/built-in.o
 .text.do_env_default
                0x0000000081e0a4e0       0xa8 common/built-in.o
 .text._do_env_set.isra.0
                0x0000000081e0a588      0x1b8 common/built-in.o
 .text.do_env_set
                0x0000000081e0a740       0x1c common/built-in.o
 .text.get_env_id
                0x0000000081e0a75c       0x10 common/built-in.o
                0x0000000081e0a75c                get_env_id
 .text.setenv   0x0000000081e0a76c       0x5c common/built-in.o
                0x0000000081e0a76c                setenv
 .text.setenv_hex
                0x0000000081e0a7c8       0x34 common/built-in.o
                0x0000000081e0a7c8                setenv_hex
 .text.do_env_export
                0x0000000081e0a7fc      0x258 common/built-in.o
 .text.envmatch
                0x0000000081e0aa54       0x6c common/built-in.o
                0x0000000081e0aa54                envmatch
 .text.getenv_f
                0x0000000081e0aac0       0xc0 common/built-in.o
                0x0000000081e0aac0                getenv_f
 .text.getenv   0x0000000081e0ab80       0x78 common/built-in.o
                0x0000000081e0ab80                getenv
 .text.getenv_ulong
                0x0000000081e0abf8       0x30 common/built-in.o
                0x0000000081e0abf8                getenv_ulong
 .text.do_env_edit
                0x0000000081e0ac28       0x78 common/built-in.o
 .text.__env_get_char_spec
                0x0000000081e0aca0        0xc common/built-in.o
                0x0000000081e0aca0                env_get_char_spec
 .text.env_get_addr
                0x0000000081e0acac       0x20 common/built-in.o
                0x0000000081e0acac                env_get_addr
 .text.env_get_char_memory
                0x0000000081e0accc       0x10 common/built-in.o
                0x0000000081e0accc                env_get_char_memory
 .text.env_get_char
                0x0000000081e0acdc       0x30 common/built-in.o
                0x0000000081e0acdc                env_get_char
 .text.getenv_yesno
                0x0000000081e0ad0c       0x3c common/built-in.o
                0x0000000081e0ad0c                getenv_yesno
 .text.getenv_default
                0x0000000081e0ad48       0x30 common/built-in.o
                0x0000000081e0ad48                getenv_default
 .text.set_default_env
                0x0000000081e0ad78       0xbc common/built-in.o
                0x0000000081e0ad78                set_default_env
 .text.set_default_vars
                0x0000000081e0ae34       0x34 common/built-in.o
                0x0000000081e0ae34                set_default_vars
 .text.env_import
                0x0000000081e0ae68       0xd8 common/built-in.o
                0x0000000081e0ae68                env_import
 .text.env_relocate
                0x0000000081e0af40       0x2c common/built-in.o
                0x0000000081e0af40                env_relocate
 .text.console_setfile
                0x0000000081e0af6c       0xa4 common/built-in.o
 .text.serial_printf
                0x0000000081e0b010       0x44 common/built-in.o
                0x0000000081e0b010                serial_printf
 .text.fgetc    0x0000000081e0b054       0x24 common/built-in.o
                0x0000000081e0b054                fgetc
 .text.ftstc    0x0000000081e0b078       0x24 common/built-in.o
                0x0000000081e0b078                ftstc
 .text.getc     0x0000000081e0b09c       0x24 common/built-in.o
                0x0000000081e0b09c                getc
 .text.tstc     0x0000000081e0b0c0       0x24 common/built-in.o
                0x0000000081e0b0c0                tstc
 .text.putc     0x0000000081e0b0e4       0x30 common/built-in.o
                0x0000000081e0b0e4                putc
 .text.puts     0x0000000081e0b114       0x30 common/built-in.o
                0x0000000081e0b114                puts
 .text.printf   0x0000000081e0b144       0x50 common/built-in.o
                0x0000000081e0b144                printf
 .text.vprintf  0x0000000081e0b194       0x3c common/built-in.o
                0x0000000081e0b194                vprintf
 .text.ctrlc    0x0000000081e0b1d0       0x58 common/built-in.o
                0x0000000081e0b1d0                ctrlc
 .text.had_ctrlc
                0x0000000081e0b228       0x10 common/built-in.o
                0x0000000081e0b228                had_ctrlc
 .text.clear_ctrlc
                0x0000000081e0b238       0x14 common/built-in.o
                0x0000000081e0b238                clear_ctrlc
 .text.search_device
                0x0000000081e0b24c       0x28 common/built-in.o
                0x0000000081e0b24c                search_device
 .text.console_assign
                0x0000000081e0b274       0x48 common/built-in.o
                0x0000000081e0b274                console_assign
 .text.on_console
                0x0000000081e0b2bc       0xb8 common/built-in.o
 .text.console_init_f
                0x0000000081e0b374       0x10 common/built-in.o
                0x0000000081e0b374                console_init_f
 .text.stdio_print_current_devices
                0x0000000081e0b384       0xb0 common/built-in.o
                0x0000000081e0b384                stdio_print_current_devices
 .text.console_init_r
                0x0000000081e0b434      0x180 common/built-in.o
                0x0000000081e0b434                console_init_r
 .text.sbrk     0x0000000081e0b5b4       0x6c common/built-in.o
                0x0000000081e0b5b4                sbrk
 .text.mem_malloc_init
                0x0000000081e0b620       0x34 common/built-in.o
                0x0000000081e0b620                mem_malloc_init
 .text.malloc_trim
                0x0000000081e0b654       0xcc common/built-in.o
                0x0000000081e0b654                malloc_trim
 .text.free     0x0000000081e0b720      0x230 common/built-in.o
                0x0000000081e0b720                free
 .text.malloc   0x0000000081e0b950      0x604 common/built-in.o
                0x0000000081e0b950                malloc
 .text.calloc   0x0000000081e0bf54       0xd0 common/built-in.o
                0x0000000081e0bf54                calloc
 .text.realloc  0x0000000081e0c024      0x4b8 common/built-in.o
                0x0000000081e0c024                realloc
 .text.memalign
                0x0000000081e0c4dc      0x10c common/built-in.o
                0x0000000081e0c4dc                memalign
 .text.on_loadaddr
                0x0000000081e0c5e8       0x38 common/built-in.o
 .text.image_check_hcrc
                0x0000000081e0c620       0x4c common/built-in.o
                0x0000000081e0c620                image_check_hcrc
 .text.image_check_dcrc
                0x0000000081e0c66c       0x38 common/built-in.o
                0x0000000081e0c66c                image_check_dcrc
 .text.image_multi_count
                0x0000000081e0c6a4       0x1c common/built-in.o
                0x0000000081e0c6a4                image_multi_count
 .text.image_multi_getimg
                0x0000000081e0c6c0       0x80 common/built-in.o
                0x0000000081e0c6c0                image_multi_getimg
 .text.getenv_bootm_low
                0x0000000081e0c740       0x30 common/built-in.o
                0x0000000081e0c740                getenv_bootm_low
 .text.getenv_bootm_size
                0x0000000081e0c770       0x5c common/built-in.o
                0x0000000081e0c770                getenv_bootm_size
 .text.memmove_wd
                0x0000000081e0c7cc        0xc common/built-in.o
                0x0000000081e0c7cc                memmove_wd
 .text.genimg_print_size
                0x0000000081e0c7d8       0x30 common/built-in.o
                0x0000000081e0c7d8                genimg_print_size
 .text.get_table_entry_name
                0x0000000081e0c808       0x2c common/built-in.o
                0x0000000081e0c808                get_table_entry_name
 .text.genimg_get_os_name
                0x0000000081e0c834       0x18 common/built-in.o
                0x0000000081e0c834                genimg_get_os_name
 .text.genimg_get_arch_name
                0x0000000081e0c84c       0x18 common/built-in.o
                0x0000000081e0c84c                genimg_get_arch_name
 .text.genimg_get_type_name
                0x0000000081e0c864       0x18 common/built-in.o
                0x0000000081e0c864                genimg_get_type_name
 .text.genimg_get_comp_name
                0x0000000081e0c87c       0x18 common/built-in.o
                0x0000000081e0c87c                genimg_get_comp_name
 .text.image_print_contents
                0x0000000081e0c894      0x17c common/built-in.o
                0x0000000081e0c894                image_print_contents
 .text.genimg_get_format
                0x0000000081e0ca10       0x1c common/built-in.o
                0x0000000081e0ca10                genimg_get_format
 .text.genimg_get_image
                0x0000000081e0ca2c        0x4 common/built-in.o
                0x0000000081e0ca2c                genimg_get_image
 .text.boot_get_ramdisk
                0x0000000081e0ca30      0x238 common/built-in.o
                0x0000000081e0ca30                boot_get_ramdisk
 .text.boot_ramdisk_high
                0x0000000081e0cc68      0x130 common/built-in.o
                0x0000000081e0cc68                boot_ramdisk_high
 .text.get_effective_memsize
                0x0000000081e0cd98        0x8 common/built-in.o
                0x0000000081e0cd98                get_effective_memsize
 .text.stdio_get_list
                0x0000000081e0cda0        0xc common/built-in.o
                0x0000000081e0cda0                stdio_get_list
 .text.stdio_get_by_name
                0x0000000081e0cdac       0x5c common/built-in.o
                0x0000000081e0cdac                stdio_get_by_name
 .text.stdio_clone
                0x0000000081e0ce08       0x38 common/built-in.o
                0x0000000081e0ce08                stdio_clone
 .text.stdio_register
                0x0000000081e0ce40       0x3c common/built-in.o
                0x0000000081e0ce40                stdio_register
 .text.stdio_init
                0x0000000081e0ce7c       0x8c common/built-in.o
                0x0000000081e0ce7c                stdio_init
 .text.get_dev  0x0000000081e0cf08       0x70 disk/built-in.o
                0x0000000081e0cf08                get_dev
 .text.dev_print
                0x0000000081e0cf78      0x20c disk/built-in.o
                0x0000000081e0cf78                dev_print
 .text.init_part
                0x0000000081e0d184       0x20 disk/built-in.o
                0x0000000081e0d184                init_part
 .text.print_part
                0x0000000081e0d1a4       0xf4 disk/built-in.o
                0x0000000081e0d1a4                print_part
 .text.get_partition_info
                0x0000000081e0d298       0x2c disk/built-in.o
                0x0000000081e0d298                get_partition_info
 .text.get_device
                0x0000000081e0d2c4       0x8c disk/built-in.o
                0x0000000081e0d2c4                get_device
 .text.get_device_and_partition
                0x0000000081e0d350      0x438 disk/built-in.o
                0x0000000081e0d350                get_device_and_partition
 .text.test_block_type
                0x0000000081e0d788       0x84 disk/built-in.o
 .text.print_partition_extended
                0x0000000081e0d80c      0x278 disk/built-in.o
 .text.get_partition_info_extended.constprop.1
                0x0000000081e0da84      0x2b8 disk/built-in.o
 .text.test_part_dos
                0x0000000081e0dd3c       0x64 disk/built-in.o
                0x0000000081e0dd3c                test_part_dos
 .text.print_part_dos
                0x0000000081e0dda0       0x34 disk/built-in.o
                0x0000000081e0dda0                print_part_dos
 .text.get_partition_info_dos
                0x0000000081e0ddd4       0x20 disk/built-in.o
                0x0000000081e0ddd4                get_partition_info_dos
 .text.mt53xx_nor_Region2Info
                0x0000000081e0ddf4       0xd8 drivers/built-in.o
 .text.NFI_gpio_uffs
                0x0000000081e0decc       0x40 drivers/built-in.o
 .text.mt53xx_nor_WriteBufferDisable.isra.2
                0x0000000081e0df0c       0x40 drivers/built-in.o
 .text.mt53xx_nor_SendCmd.isra.3
                0x0000000081e0df4c       0x28 drivers/built-in.o
 .text.mt53xx_nor_Offset2Index
                0x0000000081e0df74       0x90 drivers/built-in.o
 .text.mt53xx_nor_ExecuteCmd
                0x0000000081e0e004       0x50 drivers/built-in.o
 .text.mt53xx_nor_WriteEnable
                0x0000000081e0e054       0x5c drivers/built-in.o
 .text.mt53xx_nor_WaitBusySleep
                0x0000000081e0e0b0       0x84 drivers/built-in.o
 .text.mt53xx_nor_EraseChip
                0x0000000081e0e134       0xec drivers/built-in.o
 .text.mt53xx_nor_EraseSector
                0x0000000081e0e220      0x15c drivers/built-in.o
 .text.mt53xx_nor_WaitBusy.constprop.15
                0x0000000081e0e37c       0x80 drivers/built-in.o
 .text.mt53xx_nor_WriteSingleByte
                0x0000000081e0e3fc       0xe0 drivers/built-in.o
 .text.mt53xx_nor_WriteProtect
                0x0000000081e0e4dc       0xb0 drivers/built-in.o
 .text.mtk_nor_erase
                0x0000000081e0e58c      0x28c drivers/built-in.o
                0x0000000081e0e58c                mtk_nor_erase
 .text.mtk_nor_read
                0x0000000081e0e818      0x200 drivers/built-in.o
                0x0000000081e0e818                mtk_nor_read
 .text.mtk_nor_write
                0x0000000081e0ea18      0x3dc drivers/built-in.o
                0x0000000081e0ea18                mtk_nor_write
 .text.mtk_uboot_nor_command
                0x0000000081e0edf4      0x198 drivers/built-in.o
 .text.mtk_nor_init
                0x0000000081e0ef8c      0x540 drivers/built-in.o
                0x0000000081e0ef8c                mtk_nor_init
 .text.mtk_nor_command
                0x0000000081e0f4cc      0x320 drivers/built-in.o
 .text.msdc_pin_set.isra.1
                0x0000000081e0f7ec      0x214 drivers/mmc/built-in.o
 .text.msdc_dump_card_status
                0x0000000081e0fa00        0x4 drivers/mmc/built-in.o
                0x0000000081e0fa00                msdc_dump_card_status
 .text.msdc_set_smt
                0x0000000081e0fa04      0x26c drivers/mmc/built-in.o
                0x0000000081e0fa04                msdc_set_smt
 .text.msdc_set_driving
                0x0000000081e0fc70      0x134 drivers/mmc/built-in.o
                0x0000000081e0fc70                msdc_set_driving
 .text.msdc_set_startbit
                0x0000000081e0fda4       0x24 drivers/mmc/built-in.o
                0x0000000081e0fda4                msdc_set_startbit
 .text.msdc_set_smpl
                0x0000000081e0fdc8      0x1e4 drivers/mmc/built-in.o
                0x0000000081e0fdc8                msdc_set_smpl
 .text.msdc_set_timeout
                0x0000000081e0ffac       0x64 drivers/mmc/built-in.o
                0x0000000081e0ffac                msdc_set_timeout
 .text.msdc_clr_fifo
                0x0000000081e10010       0x50 drivers/mmc/built-in.o
                0x0000000081e10010                msdc_clr_fifo
 .text.msdc_set_blklen
                0x0000000081e10060       0x10 drivers/mmc/built-in.o
                0x0000000081e10060                msdc_set_blklen
 .text.msdc_set_blknum
                0x0000000081e10070        0xc drivers/mmc/built-in.o
                0x0000000081e10070                msdc_set_blknum
 .text.msdc_reset
                0x0000000081e1007c       0x4c drivers/mmc/built-in.o
                0x0000000081e1007c                msdc_reset
 .text.msdc_abort
                0x0000000081e100c8       0x34 drivers/mmc/built-in.o
                0x0000000081e100c8                msdc_abort
 .text.msdc_intr_wait
                0x0000000081e100fc       0x18 drivers/mmc/built-in.o
                0x0000000081e100fc                msdc_intr_wait
 .text.msdc_intr_unmask
                0x0000000081e10114       0x14 drivers/mmc/built-in.o
                0x0000000081e10114                msdc_intr_unmask
 .text.msdc_send_cmd
                0x0000000081e10128      0x230 drivers/mmc/built-in.o
                0x0000000081e10128                msdc_send_cmd
 .text.msdc_wait_rsp
                0x0000000081e10358      0x120 drivers/mmc/built-in.o
                0x0000000081e10358                msdc_wait_rsp
 .text.msdc_pio_read_word
                0x0000000081e10478      0x108 drivers/mmc/built-in.o
                0x0000000081e10478                msdc_pio_read_word
 .text.msdc_pio_read
                0x0000000081e10580       0x24 drivers/mmc/built-in.o
                0x0000000081e10580                msdc_pio_read
 .text.msdc_pio_write_word
                0x0000000081e105a4       0xd8 drivers/mmc/built-in.o
                0x0000000081e105a4                msdc_pio_write_word
 .text.msdc_pio_write
                0x0000000081e1067c       0x24 drivers/mmc/built-in.o
                0x0000000081e1067c                msdc_pio_write
 .text.msdc_config_clksrc
                0x0000000081e106a0       0xd8 drivers/mmc/built-in.o
                0x0000000081e106a0                msdc_config_clksrc
 .text.msdc_config_clock
                0x0000000081e10778      0x1ec drivers/mmc/built-in.o
                0x0000000081e10778                msdc_config_clock
 .text.msdc_config_bus
                0x0000000081e10964       0x54 drivers/mmc/built-in.o
                0x0000000081e10964                msdc_config_bus
 .text.msdc_config_pin
                0x0000000081e109b8       0x20 drivers/mmc/built-in.o
                0x0000000081e109b8                msdc_config_pin
 .text.msdc_clock
                0x0000000081e109d8       0x8c drivers/mmc/built-in.o
                0x0000000081e109d8                msdc_clock
 .text.msdc_host_power
                0x0000000081e10a64       0x3c drivers/mmc/built-in.o
                0x0000000081e10a64                msdc_host_power
 .text.msdc_power
                0x0000000081e10aa0       0x34 drivers/mmc/built-in.o
                0x0000000081e10aa0                msdc_power
 .text.msdc_reset_tune_counter
                0x0000000081e10ad4        0xc drivers/mmc/built-in.o
                0x0000000081e10ad4                msdc_reset_tune_counter
 .text.msdc_tune_cmdrsp
                0x0000000081e10ae0      0x290 drivers/mmc/built-in.o
                0x0000000081e10ae0                msdc_tune_cmdrsp
 .text.msdc_cmd
                0x0000000081e10d70       0x58 drivers/mmc/built-in.o
                0x0000000081e10d70                msdc_cmd
 .text.msdc_abort_handler
                0x0000000081e10dc8       0xd4 drivers/mmc/built-in.o
                0x0000000081e10dc8                msdc_abort_handler
 .text.msdc_pio_bread
                0x0000000081e10e9c      0x124 drivers/mmc/built-in.o
                0x0000000081e10e9c                msdc_pio_bread
 .text.msdc_pio_bwrite
                0x0000000081e10fc0      0x110 drivers/mmc/built-in.o
                0x0000000081e10fc0                msdc_pio_bwrite
 .text.msdc_tune_bread
                0x0000000081e110d0      0x344 drivers/mmc/built-in.o
                0x0000000081e110d0                msdc_tune_bread
 .text.msdc_tune_read
                0x0000000081e11414      0x320 drivers/mmc/built-in.o
                0x0000000081e11414                msdc_tune_read
 .text.msdc_card_detect
                0x0000000081e11734       0x74 drivers/mmc/built-in.o
                0x0000000081e11734                msdc_card_detect
 .text.msdc_init
                0x0000000081e117a8      0x320 drivers/mmc/built-in.o
                0x0000000081e117a8                msdc_init
 .text.unstuff_bits
                0x0000000081e11ac8       0x40 drivers/mmc/built-in.o
 .text.mmc_cmd  0x0000000081e11b08       0x30 drivers/mmc/built-in.o
 .text.mmc_app_cmd
                0x0000000081e11b38       0x74 drivers/mmc/built-in.o
 .text.mmc_send_if_cond
                0x0000000081e11bac       0x6c drivers/mmc/built-in.o
 .text.mmc_send_app_op_cond
                0x0000000081e11c18       0x8c drivers/mmc/built-in.o
 .text.mmc_send_op_cond
                0x0000000081e11ca4       0x94 drivers/mmc/built-in.o
 .text.mmc_sd_switch.isra.0.constprop.10
                0x0000000081e11d38       0xe8 drivers/mmc/built-in.o
 .text.mmc_dump_ext_csd
                0x0000000081e11e20       0x44 drivers/mmc/built-in.o
                0x0000000081e11e20                mmc_dump_ext_csd
 .text.mmc_dump_ext_csd_p
                0x0000000081e11e64      0x640 drivers/mmc/built-in.o
                0x0000000081e11e64                mmc_dump_ext_csd_p
 .text.mmc_go_idle
                0x0000000081e124a4       0x38 drivers/mmc/built-in.o
                0x0000000081e124a4                mmc_go_idle
 .text.mmc_send_status
                0x0000000081e124dc       0x60 drivers/mmc/built-in.o
                0x0000000081e124dc                mmc_send_status
 .text.mmc_select_card
                0x0000000081e1253c       0x44 drivers/mmc/built-in.o
                0x0000000081e1253c                mmc_select_card
 .text.mmc_switch
                0x0000000081e12580       0xb8 drivers/mmc/built-in.o
                0x0000000081e12580                mmc_switch
 .text.mmc_switch_hs
                0x0000000081e12638       0x44 drivers/mmc/built-in.o
                0x0000000081e12638                mmc_switch_hs
 .text.mmc_read_ext_csd
                0x0000000081e1267c      0x174 drivers/mmc/built-in.o
                0x0000000081e1267c                mmc_read_ext_csd
 .text.mmc_set_clock
                0x0000000081e127f0       0x20 drivers/mmc/built-in.o
                0x0000000081e127f0                mmc_set_clock
 .text.mmc_set_ext_csd
                0x0000000081e12810       0x8c drivers/mmc/built-in.o
                0x0000000081e12810                mmc_set_ext_csd
 .text.mmc_set_card_detect
                0x0000000081e1289c       0x40 drivers/mmc/built-in.o
                0x0000000081e1289c                mmc_set_card_detect
 .text.mmc_set_blk_length
                0x0000000081e128dc       0x58 drivers/mmc/built-in.o
                0x0000000081e128dc                mmc_set_blk_length
 .text.mmc_set_bus_width
                0x0000000081e12934      0x17c drivers/mmc/built-in.o
                0x0000000081e12934                mmc_set_bus_width
 .text.mmc_set_part_config
                0x0000000081e12ab0       0x2c drivers/mmc/built-in.o
                0x0000000081e12ab0                mmc_set_part_config
 .text.mmc_dev_bread
                0x0000000081e12adc       0xe8 drivers/mmc/built-in.o
                0x0000000081e12adc                mmc_dev_bread
 .text.mmc_block_read
                0x0000000081e12bc4       0xa8 drivers/mmc/built-in.o
                0x0000000081e12bc4                mmc_block_read
 .text.mmc_part_read
                0x0000000081e12c6c       0xb0 drivers/mmc/built-in.o
                0x0000000081e12c6c                mmc_part_read
 .text.mmc_block_write
                0x0000000081e12d1c      0x1a0 drivers/mmc/built-in.o
                0x0000000081e12d1c                mmc_block_write
 .text.mmc_part_write
                0x0000000081e12ebc       0xb0 drivers/mmc/built-in.o
                0x0000000081e12ebc                mmc_part_write
 .text.mmc_block_erase
                0x0000000081e12f6c       0x5c drivers/mmc/built-in.o
                0x0000000081e12f6c                mmc_block_erase
 .text.mmc_init_mem_card
                0x0000000081e12fc8      0x7dc drivers/mmc/built-in.o
                0x0000000081e12fc8                mmc_init_mem_card
 .text.mmc_init_card
                0x0000000081e137a4      0x168 drivers/mmc/built-in.o
                0x0000000081e137a4                mmc_init_card
 .text.mmc_init_host
                0x0000000081e1390c       0x28 drivers/mmc/built-in.o
                0x0000000081e1390c                mmc_init_host
 .text.__mmc_init
                0x0000000081e13934       0x40 drivers/mmc/built-in.o
                0x0000000081e13934                __mmc_init
 .text.mmc_info_helper
                0x0000000081e13974       0xac drivers/mmc/built-in.o
                0x0000000081e13974                mmc_info_helper
 .text.mmc_info_helper2
                0x0000000081e13a20       0xa8 drivers/mmc/built-in.o
                0x0000000081e13a20                mmc_info_helper2
 .text.emmc_part_read
                0x0000000081e13ac8       0x28 drivers/mmc/built-in.o
                0x0000000081e13ac8                emmc_part_read
 .text.emmc_part_write
                0x0000000081e13af0       0x28 drivers/mmc/built-in.o
                0x0000000081e13af0                emmc_part_write
 .text.emmc_dump_ext_csd
                0x0000000081e13b18        0xc drivers/mmc/built-in.o
                0x0000000081e13b18                emmc_dump_ext_csd
 .text.emmc_set_part_config
                0x0000000081e13b24       0x10 drivers/mmc/built-in.o
                0x0000000081e13b24                emmc_set_part_config
 .text.msdc_uffs
                0x0000000081e13b34       0x50 drivers/mmc/built-in.o
                0x0000000081e13b34                msdc_uffs
 .text.msdc_set_field
                0x0000000081e13b84       0x28 drivers/mmc/built-in.o
                0x0000000081e13b84                msdc_set_field
 .text.msdc_get_field
                0x0000000081e13bac       0x24 drivers/mmc/built-in.o
                0x0000000081e13bac                msdc_get_field
 .text.__mmc_block_read
                0x0000000081e13bd0        0x4 drivers/mmc/built-in.o
                0x0000000081e13bd0                __mmc_block_read
 .text.__mmc_block_write
                0x0000000081e13bd4        0x4 drivers/mmc/built-in.o
                0x0000000081e13bd4                __mmc_block_write
 .text.__mmc_block_erase
                0x0000000081e13bd8        0x4 drivers/mmc/built-in.o
                0x0000000081e13bd8                __mmc_block_erase
 .text.mmc_get_dev
                0x0000000081e13bdc       0x20 drivers/mmc/built-in.o
                0x0000000081e13bdc                mmc_get_dev
 .text.mmc_legacy_init
                0x0000000081e13bfc      0x158 drivers/mmc/built-in.o
                0x0000000081e13bfc                mmc_legacy_init
 .text.get_mmc_num
                0x0000000081e13d54        0x8 drivers/mmc/built-in.o
                0x0000000081e13d54                get_mmc_num
 .text.find_mmc_device
                0x0000000081e13d5c       0x50 drivers/mmc/built-in.o
                0x0000000081e13d5c                find_mmc_device
 .text.mmc_init
                0x0000000081e13dac      0x128 drivers/mmc/built-in.o
                0x0000000081e13dac                mmc_init
 .text.mmc_getwp
                0x0000000081e13ed4        0x8 drivers/mmc/built-in.o
                0x0000000081e13ed4                mmc_getwp
 .text.rt2880_eth_recv
                0x0000000081e13edc      0x1b4 drivers/net/built-in.o
 .text.rt2880_eth_send
                0x0000000081e14090      0x128 drivers/net/built-in.o
 .text.IsSwitchVlanTableBusy
                0x0000000081e141b8       0x60 drivers/net/built-in.o
 .text.EswCntRead
                0x0000000081e14218      0x7f0 drivers/net/built-in.o
                0x0000000081e14218                EswCntRead
 .text.rdm_ioctl
                0x0000000081e14a08      0x184 drivers/net/built-in.o
                0x0000000081e14a08                rdm_ioctl
 .text.START_ETH
                0x0000000081e14b8c       0x2c drivers/net/built-in.o
                0x0000000081e14b8c                START_ETH
 .text.STOP_ETH
                0x0000000081e14bb8       0x2c drivers/net/built-in.o
                0x0000000081e14bb8                STOP_ETH
 .text.rt2880_eth_halt
                0x0000000081e14be4        0x4 drivers/net/built-in.o
                0x0000000081e14be4                rt2880_eth_halt
 .text.rt2880_free_buf_entry_dequeue
                0x0000000081e14be8       0x38 drivers/net/built-in.o
                0x0000000081e14be8                rt2880_free_buf_entry_dequeue
 .text.rt2880_eth_initialize
                0x0000000081e14c20      0x178 drivers/net/built-in.o
                0x0000000081e14c20                rt2880_eth_initialize
 .text.mt7623_ethifsys_init
                0x0000000081e14d98      0x1cc drivers/net/built-in.o
                0x0000000081e14d98                mt7623_ethifsys_init
 .text.mt7623_pinmux_set
                0x0000000081e14f64      0x118 drivers/net/built-in.o
                0x0000000081e14f64                mt7623_pinmux_set
 .text.wait_loop
                0x0000000081e1507c       0x2c drivers/net/built-in.o
                0x0000000081e1507c                wait_loop
 .text.trgmii_calibration_7623
                0x0000000081e150a8      0x378 drivers/net/built-in.o
                0x0000000081e150a8                trgmii_calibration_7623
 .text.trgmii_calibration_7530
                0x0000000081e15420      0x5e8 drivers/net/built-in.o
                0x0000000081e15420                trgmii_calibration_7530
 .text.setup_internal_gsw
                0x0000000081e15a08      0xa00 drivers/net/built-in.o
                0x0000000081e15a08                setup_internal_gsw
 .text.isDMABusy
                0x0000000081e16408       0x3c drivers/net/built-in.o
                0x0000000081e16408                isDMABusy
 .text.rt2880_eth_init
                0x0000000081e16444      0x364 drivers/net/built-in.o
 .text.__mii_mgr_read
                0x0000000081e167a8       0xe4 drivers/net/built-in.o
                0x0000000081e167a8                __mii_mgr_read
 .text.__mii_mgr_write
                0x0000000081e1688c       0xcc drivers/net/built-in.o
                0x0000000081e1688c                __mii_mgr_write
 .text.mii_mgr_read
                0x0000000081e16958       0x90 drivers/net/built-in.o
                0x0000000081e16958                mii_mgr_read
 .text.mii_mgr_write
                0x0000000081e169e8       0x68 drivers/net/built-in.o
                0x0000000081e169e8                mii_mgr_write
 .text.dump_phy_reg
                0x0000000081e16a50      0x124 drivers/net/built-in.o
                0x0000000081e16a50                dump_phy_reg
 .text.rt2880_mdio_access
                0x0000000081e16b74      0x4c4 drivers/net/built-in.o
                0x0000000081e16b74                rt2880_mdio_access
 .text.get_current
                0x0000000081e17038       0x40 drivers/serial/built-in.o
 .text.serial_null
                0x0000000081e17078        0x4 drivers/serial/built-in.o
                0x0000000081e17078                jz_serial_initialize
                0x0000000081e17078                bfin_serial_initialize
                0x0000000081e17078                p3mx_serial_initialize
                0x0000000081e17078                leon2_serial_initialize
                0x0000000081e17078                leon3_serial_initialize
                0x0000000081e17078                amirix_serial_initialize
                0x0000000081e17078                marvell_serial_initialize
                0x0000000081e17078                cpci750_serial_initialize
                0x0000000081e17078                ns16550_serial_initialize
                0x0000000081e17078                asc_serial_initialize
                0x0000000081e17078                altera_serial_initialize
                0x0000000081e17078                sh_serial_initialize
                0x0000000081e17078                oc_serial_initialize
                0x0000000081e17078                mxs_auart_initialize
                0x0000000081e17078                arm_dcc_initialize
                0x0000000081e17078                bmw_serial_initialize
                0x0000000081e17078                arc_serial_initialize
                0x0000000081e17078                mcf_serial_initialize
                0x0000000081e17078                lh7a40x_serial_initialize
                0x0000000081e17078                evb64260_serial_initialize
                0x0000000081e17078                lpc32xx_serial_initialize
                0x0000000081e17078                max3100_serial_initialize
                0x0000000081e17078                mpc85xx_serial_initialize
                0x0000000081e17078                imx_serial_initialize
                0x0000000081e17078                bfin_jtag_initialize
                0x0000000081e17078                cogent_serial_initialize
                0x0000000081e17078                clps7111_serial_initialize
                0x0000000081e17078                ml2_serial_initialize
                0x0000000081e17078                sandbox_serial_initialize
                0x0000000081e17078                s3c24xx_serial_initialize
                0x0000000081e17078                sconsole_serial_initialize
                0x0000000081e17078                uartlite_serial_initialize
                0x0000000081e17078                au1x00_serial_initialize
                0x0000000081e17078                pxa_serial_initialize
                0x0000000081e17078                atmel_serial_initialize
                0x0000000081e17078                altera_jtag_serial_initialize
                0x0000000081e17078                zynq_serial_initalize
                0x0000000081e17078                mpc512x_serial_initialize
                0x0000000081e17078                s5p_serial_initialize
                0x0000000081e17078                ks8695_serial_initialize
                0x0000000081e17078                sa1100_serial_initialize
                0x0000000081e17078                mpc8260_scc_serial_initialize
                0x0000000081e17078                mxc_serial_initialize
                0x0000000081e17078                iop480_serial_initialize
                0x0000000081e17078                mpc8xx_serial_initialize
                0x0000000081e17078                mpc8260_smc_serial_initialize
                0x0000000081e17078                mpc5xx_serial_initialize
 .text.serial_register
                0x0000000081e1707c       0x18 drivers/serial/built-in.o
                0x0000000081e1707c                serial_register
 .text.serial_stdio_init
                0x0000000081e17094       0x88 drivers/serial/built-in.o
                0x0000000081e17094                serial_stdio_init
 .text.serial_assign
                0x0000000081e1711c       0x4c drivers/serial/built-in.o
                0x0000000081e1711c                serial_assign
 .text.serial_initialize
                0x0000000081e17168       0xd0 drivers/serial/built-in.o
                0x0000000081e17168                serial_initialize
 .text.serial_init
                0x0000000081e17238       0x14 drivers/serial/built-in.o
                0x0000000081e17238                serial_init
 .text.serial_setbrg
                0x0000000081e1724c       0x14 drivers/serial/built-in.o
                0x0000000081e1724c                serial_setbrg
 .text.on_baudrate
                0x0000000081e17260       0xec drivers/serial/built-in.o
 .text.serial_getc
                0x0000000081e1734c       0x14 drivers/serial/built-in.o
                0x0000000081e1734c                serial_getc
 .text.serial_tstc
                0x0000000081e17360       0x14 drivers/serial/built-in.o
                0x0000000081e17360                serial_tstc
 .text.serial_putc
                0x0000000081e17374       0x1c drivers/serial/built-in.o
                0x0000000081e17374                serial_putc
 .text.serial_puts
                0x0000000081e17390       0x1c drivers/serial/built-in.o
                0x0000000081e17390                serial_puts
 .text.fs_probe_unsupported
                0x0000000081e173ac       0x18 fs/built-in.o
 .text.fs_ls_unsupported
                0x0000000081e173c4        0x8 fs/built-in.o
 .text.fs_exists_unsupported
                0x0000000081e173cc        0x8 fs/built-in.o
 .text.fs_write_unsupported
                0x0000000081e173d4        0x8 fs/built-in.o
 .text.fs_close_unsupported
                0x0000000081e173dc        0x4 fs/built-in.o
 .text.fs_get_info
                0x0000000081e173e0       0x20 fs/built-in.o
 .text.fs_close
                0x0000000081e17400       0x28 fs/built-in.o
 .text.fs_read_unsupported
                0x0000000081e17428        0x8 fs/built-in.o
 .text.fs_set_blk_dev
                0x0000000081e17430       0xb8 fs/built-in.o
                0x0000000081e17430                fs_set_blk_dev
 .text.fs_ls    0x0000000081e174e8       0x3c fs/built-in.o
                0x0000000081e174e8                fs_ls
 .text.fs_exists
                0x0000000081e17524       0x34 fs/built-in.o
                0x0000000081e17524                fs_exists
 .text.fs_read  0x0000000081e17558       0x84 fs/built-in.o
                0x0000000081e17558                fs_read
 .text.do_load  0x0000000081e175dc      0x1c0 fs/built-in.o
                0x0000000081e175dc                do_load
 .text.do_ls    0x0000000081e1779c       0x68 fs/built-in.o
                0x0000000081e1779c                do_ls
 .text.file_exists
                0x0000000081e17804       0x2c fs/built-in.o
                0x0000000081e17804                file_exists
 .text.downcase
                0x0000000081e17830       0x30 fs/built-in.o
 .text.disk_read
                0x0000000081e17860       0x5c fs/built-in.o
 .text.dirdelim
                0x0000000081e178bc       0x38 fs/built-in.o
 .text.get_fatent
                0x0000000081e178f4      0x150 fs/built-in.o
 .text.mkcksum  0x0000000081e17a44       0x50 fs/built-in.o
 .text.get_cluster
                0x0000000081e17a94      0x170 fs/built-in.o
 .text.get_name
                0x0000000081e17c04       0xac fs/built-in.o
 .text.read_bootsectandvi
                0x0000000081e17cb0      0x128 fs/built-in.o
 .text.slot2str
                0x0000000081e17dd8       0xbc fs/built-in.o
 .text.get_vfatname
                0x0000000081e17e94      0x1ac fs/built-in.o
 .text.fat_set_blk_dev
                0x0000000081e18040       0xcc fs/built-in.o
                0x0000000081e18040                fat_set_blk_dev
 .text.do_fat_read_at
                0x0000000081e1810c      0xad4 fs/built-in.o
                0x0000000081e1810c                do_fat_read_at
 .text.do_fat_read
                0x0000000081e18be0       0x24 fs/built-in.o
                0x0000000081e18be0                do_fat_read
 .text.file_fat_detectfs
                0x0000000081e18c04      0x148 fs/built-in.o
                0x0000000081e18c04                file_fat_detectfs
 .text.file_fat_ls
                0x0000000081e18d4c       0x10 fs/built-in.o
                0x0000000081e18d4c                file_fat_ls
 .text.fat_exists
                0x0000000081e18d5c       0x30 fs/built-in.o
                0x0000000081e18d5c                fat_exists
 .text.file_fat_read_at
                0x0000000081e18d8c       0x4c fs/built-in.o
                0x0000000081e18d8c                file_fat_read_at
 .text.fat_read_file
                0x0000000081e18dd8       0x3c fs/built-in.o
                0x0000000081e18dd8                fat_read_file
 .text.fat_close
                0x0000000081e18e14        0x4 fs/built-in.o
                0x0000000081e18e14                fat_close
 .text.zcalloc  0x0000000081e18e18        0x8 lib/built-in.o
                0x0000000081e18e18                zcalloc
 .text.zcfree   0x0000000081e18e20        0x8 lib/built-in.o
                0x0000000081e18e20                zcfree
 .text.inflate_fast
                0x0000000081e18e28      0x590 lib/built-in.o
                0x0000000081e18e28                inflate_fast
 .text.inflate_table
                0x0000000081e193b8      0x52c lib/built-in.o
                0x0000000081e193b8                inflate_table
 .text.inflateReset
                0x0000000081e198e4       0x78 lib/built-in.o
                0x0000000081e198e4                inflateReset
 .text.inflateInit2_
                0x0000000081e1995c      0x104 lib/built-in.o
                0x0000000081e1995c                inflateInit2_
 .text.inflateEnd
                0x0000000081e19a60       0x68 lib/built-in.o
                0x0000000081e19a60                inflateEnd
 .text.adler32  0x0000000081e19ac8      0x334 lib/built-in.o
                0x0000000081e19ac8                adler32
 .text.inflate  0x0000000081e19dfc     0x14e4 lib/built-in.o
                0x0000000081e19dfc                inflate
 .text.cyg_crc16
                0x0000000081e1b2e0       0x44 lib/built-in.o
                0x0000000081e1b2e0                cyg_crc16
 .text.gzalloc  0x0000000081e1b324       0x10 lib/built-in.o
                0x0000000081e1b324                gzalloc
 .text.gzfree   0x0000000081e1b334        0x8 lib/built-in.o
                0x0000000081e1b334                gzfree
 .text.zunzip   0x0000000081e1b33c      0x120 lib/built-in.o
                0x0000000081e1b33c                zunzip
 .text.gunzip   0x0000000081e1b45c       0xb8 lib/built-in.o
                0x0000000081e1b45c                gunzip
 .text.lmb_add_region
                0x0000000081e1b514      0x18c lib/built-in.o
 .text.lmb_init
                0x0000000081e1b6a0       0x28 lib/built-in.o
                0x0000000081e1b6a0                lmb_init
 .text.lmb_add  0x0000000081e1b6c8        0x4 lib/built-in.o
                0x0000000081e1b6c8                lmb_add
 .text.lmb_reserve
                0x0000000081e1b6cc        0x8 lib/built-in.o
                0x0000000081e1b6cc                lmb_reserve
 .text.lmb_overlaps_region
                0x0000000081e1b6d4       0x50 lib/built-in.o
                0x0000000081e1b6d4                lmb_overlaps_region
 .text.__lmb_alloc_base
                0x0000000081e1b724      0x110 lib/built-in.o
                0x0000000081e1b724                __lmb_alloc_base
 .text.lmb_alloc_base
                0x0000000081e1b834       0x34 lib/built-in.o
                0x0000000081e1b834                lmb_alloc_base
 .text.lmb_alloc
                0x0000000081e1b868        0x8 lib/built-in.o
                0x0000000081e1b868                lmb_alloc
 .text.__board_lmb_reserve
                0x0000000081e1b870        0x4 lib/built-in.o
                0x0000000081e1b870                board_lmb_reserve
                0x0000000081e1b870                __board_lmb_reserve
 .text.string_to_ip
                0x0000000081e1b874       0x68 lib/built-in.o
                0x0000000081e1b874                string_to_ip
 .text.qsort    0x0000000081e1b8dc       0xe0 lib/built-in.o
                0x0000000081e1b8dc                qsort
 .text.cmpkey   0x0000000081e1b9bc       0x14 lib/built-in.o
 .text._hdelete.isra.0
                0x0000000081e1b9d0       0x50 lib/built-in.o
 .text.drop_var_from_set.part.1
                0x0000000081e1ba20       0x50 lib/built-in.o
 .text.match_string.isra.2
                0x0000000081e1ba70       0x60 lib/built-in.o
 .text.hcreate_r
                0x0000000081e1bad0       0xb0 lib/built-in.o
                0x0000000081e1bad0                hcreate_r
 .text.hdestroy_r
                0x0000000081e1bb80       0x78 lib/built-in.o
                0x0000000081e1bb80                hdestroy_r
 .text.hsearch_r
                0x0000000081e1bbf8      0x4a4 lib/built-in.o
                0x0000000081e1bbf8                hsearch_r
 .text.hdelete_r
                0x0000000081e1c09c       0xdc lib/built-in.o
                0x0000000081e1c09c                hdelete_r
 .text.hexport_r
                0x0000000081e1c178      0x31c lib/built-in.o
                0x0000000081e1c178                hexport_r
 .text.himport_r
                0x0000000081e1c494      0x344 lib/built-in.o
                0x0000000081e1c494                himport_r
 .text.hwalk_r  0x0000000081e1c7d8       0x5c lib/built-in.o
                0x0000000081e1c7d8                hwalk_r
 .text.print_size
                0x0000000081e1c834      0x144 lib/built-in.o
                0x0000000081e1c834                print_size
 .text.print_buffer
                0x0000000081e1c978      0x1b4 lib/built-in.o
                0x0000000081e1c978                print_buffer
 .text.crc32_no_comp
                0x0000000081e1cb2c       0xcc lib/built-in.o
                0x0000000081e1cb2c                crc32_no_comp
 .text.crc32    0x0000000081e1cbf8       0x14 lib/built-in.o
                0x0000000081e1cbf8                crc32
 .text.crc32_wd
                0x0000000081e1cc0c        0x4 lib/built-in.o
                0x0000000081e1cc0c                crc32_wd
 .text.__div64_32
                0x0000000081e1cc10       0xd0 lib/built-in.o
                0x0000000081e1cc10                __div64_32
 .text.hang     0x0000000081e1cce0       0x1c lib/built-in.o
                0x0000000081e1cce0                hang
 .text.skip_spaces
                0x0000000081e1ccfc       0x28 lib/built-in.o
                0x0000000081e1ccfc                skip_spaces
 .text.strim    0x0000000081e1cd24       0x60 lib/built-in.o
                0x0000000081e1cd24                strim
 .text.strcpy   0x0000000081e1cd84       0x18 lib/built-in.o
                0x0000000081e1cd84                strcpy
 .text.strncpy  0x0000000081e1cd9c       0x24 lib/built-in.o
                0x0000000081e1cd9c                strncpy
 .text.strcat   0x0000000081e1cdc0       0x30 lib/built-in.o
                0x0000000081e1cdc0                strcat
 .text.strncat  0x0000000081e1cdf0       0x54 lib/built-in.o
                0x0000000081e1cdf0                strncat
 .text.strcmp   0x0000000081e1ce44       0x28 lib/built-in.o
                0x0000000081e1ce44                strcmp
 .text.strncmp  0x0000000081e1ce6c       0x3c lib/built-in.o
                0x0000000081e1ce6c                strncmp
 .text.strchr   0x0000000081e1cea8       0x2c lib/built-in.o
                0x0000000081e1cea8                strchr
 .text.strlen   0x0000000081e1ced4       0x20 lib/built-in.o
                0x0000000081e1ced4                strlen
 .text.strnlen  0x0000000081e1cef4       0x2c lib/built-in.o
                0x0000000081e1cef4                strnlen
 .text.strdup   0x0000000081e1cf20       0x40 lib/built-in.o
                0x0000000081e1cf20                strdup
 .text.strpbrk  0x0000000081e1cf60       0x3c lib/built-in.o
                0x0000000081e1cf60                strpbrk
 .text.memset   0x0000000081e1cf9c       0x64 lib/built-in.o
                0x0000000081e1cf9c                memset
 .text.memcpy   0x0000000081e1d000       0x74 lib/built-in.o
                0x0000000081e1d000                memcpy
 .text.memmove  0x0000000081e1d074       0x44 lib/built-in.o
                0x0000000081e1d074                memmove
 .text.memcmp   0x0000000081e1d0b8       0x34 lib/built-in.o
                0x0000000081e1d0b8                memcmp
 .text.strstr   0x0000000081e1d0ec       0x6c lib/built-in.o
                0x0000000081e1d0ec                strstr
 .text.timer_init
                0x0000000081e1d158        0x8 lib/built-in.o
                0x0000000081e1d158                timer_init
 .text.udelay   0x0000000081e1d160       0x30 lib/built-in.o
                0x0000000081e1d160                udelay
 .text.mdelay   0x0000000081e1d190       0x24 lib/built-in.o
                0x0000000081e1d190                mdelay
 .text.put_dec_trunc
                0x0000000081e1d1b4       0xd4 lib/built-in.o
 .text.put_dec  0x0000000081e1d288      0x140 lib/built-in.o
 .text.string.isra.0
                0x0000000081e1d3c8       0x94 lib/built-in.o
 .text.number.isra.4
                0x0000000081e1d45c      0x24c lib/built-in.o
 .text.vsnprintf_internal.isra.6
                0x0000000081e1d6a8      0x5f8 lib/built-in.o
 .text.simple_strtoul
                0x0000000081e1dca0       0xb8 lib/built-in.o
                0x0000000081e1dca0                simple_strtoul
 .text.strict_strtoul
                0x0000000081e1dd58       0x78 lib/built-in.o
                0x0000000081e1dd58                strict_strtoul
 .text.simple_strtol
                0x0000000081e1ddd0       0x24 lib/built-in.o
                0x0000000081e1ddd0                simple_strtol
 .text.simple_strtoull
                0x0000000081e1ddf4       0xdc lib/built-in.o
                0x0000000081e1ddf4                simple_strtoull
 .text.vsprintf
                0x0000000081e1ded0        0x4 lib/built-in.o
                0x0000000081e1ded0                vsprintf
 .text.sprintf  0x0000000081e1ded4       0x28 lib/built-in.o
                0x0000000081e1ded4                sprintf
 .text.panic    0x0000000081e1defc       0x44 lib/built-in.o
                0x0000000081e1defc                panic
 .text.ArpInit  0x0000000081e1df40       0x50 net/built-in.o
                0x0000000081e1df40                ArpInit
 .text.arp_raw_request
                0x0000000081e1df90       0xc0 net/built-in.o
                0x0000000081e1df90                arp_raw_request
 .text.ArpRequest
                0x0000000081e1e050       0x84 net/built-in.o
                0x0000000081e1e050                ArpRequest
 .text.ArpTimeoutCheck
                0x0000000081e1e0d4       0x80 net/built-in.o
                0x0000000081e1e0d4                ArpTimeoutCheck
 .text.ArpReceive
                0x0000000081e1e154      0x218 net/built-in.o
                0x0000000081e1e154                ArpReceive
 .text.BootpHandler
                0x0000000081e1e36c      0x378 net/built-in.o
 .text.BootpRequest
                0x0000000081e1e6e4      0x1f8 net/built-in.o
                0x0000000081e1e6e4                BootpRequest
 .text.BootpTimeout
                0x0000000081e1e8dc       0x44 net/built-in.o
 .text.__def_eth_init
                0x0000000081e1e920        0x8 net/built-in.o
                0x0000000081e1e920                cpu_eth_init
 .text.eth_current_changed
                0x0000000081e1e928       0x5c net/built-in.o
 .text.eth_parse_enetaddr
                0x0000000081e1e984       0x5c net/built-in.o
                0x0000000081e1e984                eth_parse_enetaddr
 .text.eth_getenv_enetaddr
                0x0000000081e1e9e0       0x5c net/built-in.o
                0x0000000081e1e9e0                eth_getenv_enetaddr
 .text.eth_setenv_enetaddr
                0x0000000081e1ea3c       0x34 net/built-in.o
                0x0000000081e1ea3c                eth_setenv_enetaddr
 .text.eth_getenv_enetaddr_by_index
                0x0000000081e1ea70       0x4c net/built-in.o
                0x0000000081e1ea70                eth_getenv_enetaddr_by_index
 .text.eth_get_dev_by_index
                0x0000000081e1eabc       0x40 net/built-in.o
                0x0000000081e1eabc                eth_get_dev_by_index
 .text.eth_get_dev_index
                0x0000000081e1eafc       0x1c net/built-in.o
                0x0000000081e1eafc                eth_get_dev_index
 .text.eth_write_hwaddr
                0x0000000081e1eb18      0x1d8 net/built-in.o
                0x0000000081e1eb18                eth_write_hwaddr
 .text.eth_register
                0x0000000081e1ecf0       0x7c net/built-in.o
                0x0000000081e1ecf0                eth_register
 .text.eth_initialize
                0x0000000081e1ed6c      0x1d0 net/built-in.o
                0x0000000081e1ed6c                eth_initialize
 .text.eth_halt
                0x0000000081e1ef3c       0x30 net/built-in.o
                0x0000000081e1ef3c                eth_halt
 .text.eth_send
                0x0000000081e1ef6c       0x3c net/built-in.o
                0x0000000081e1ef6c                eth_send
 .text.eth_rx   0x0000000081e1efa8       0x24 net/built-in.o
                0x0000000081e1efa8                eth_rx
 .text.eth_try_another
                0x0000000081e1efcc       0x88 net/built-in.o
                0x0000000081e1efcc                eth_try_another
 .text.eth_init
                0x0000000081e1f054       0xc8 net/built-in.o
                0x0000000081e1f054                eth_init
 .text.eth_set_current
                0x0000000081e1f11c       0xa0 net/built-in.o
                0x0000000081e1f11c                eth_set_current
 .text.eth_get_name
                0x0000000081e1f1bc       0x20 net/built-in.o
                0x0000000081e1f1bc                eth_get_name
 .text.net_clear_handlers
                0x0000000081e1f1dc       0x34 net/built-in.o
 .text.startAgainTimeout
                0x0000000081e1f210       0x14 net/built-in.o
 .text.dummy_handler
                0x0000000081e1f224        0x4 net/built-in.o
 .text.net_auto_load
                0x0000000081e1f228       0x38 net/built-in.o
                0x0000000081e1f228                net_auto_load
 .text.NetStartAgain
                0x0000000081e1f260      0x14c net/built-in.o
                0x0000000081e1f260                NetStartAgain
 .text.net_set_udp_handler
                0x0000000081e1f3ac       0x20 net/built-in.o
                0x0000000081e1f3ac                net_set_udp_handler
 .text.net_get_arp_handler
                0x0000000081e1f3cc       0x10 net/built-in.o
                0x0000000081e1f3cc                net_get_arp_handler
 .text.NetSetTimeout
                0x0000000081e1f3dc       0x60 net/built-in.o
                0x0000000081e1f3dc                NetSetTimeout
 .text.NetCksum
                0x0000000081e1f43c       0x30 net/built-in.o
                0x0000000081e1f43c                NetCksum
 .text.NetCksumOk
                0x0000000081e1f46c       0x20 net/built-in.o
                0x0000000081e1f46c                NetCksumOk
 .text.NetReceive
                0x0000000081e1f48c      0x2b0 net/built-in.o
                0x0000000081e1f48c                NetReceive
 .text.NetEthHdrSize
                0x0000000081e1f73c       0x3c net/built-in.o
                0x0000000081e1f73c                NetEthHdrSize
 .text.NetSetEther
                0x0000000081e1f778       0x98 net/built-in.o
                0x0000000081e1f778                NetSetEther
 .text.net_update_ether
                0x0000000081e1f810       0x7c net/built-in.o
                0x0000000081e1f810                net_update_ether
 .text.net_set_ip_header
                0x0000000081e1f88c       0x88 net/built-in.o
                0x0000000081e1f88c                net_set_ip_header
 .text.net_set_udp_header
                0x0000000081e1f914       0x88 net/built-in.o
                0x0000000081e1f914                net_set_udp_header
 .text.NetSendUDPPacket
                0x0000000081e1f99c      0x108 net/built-in.o
                0x0000000081e1f99c                NetSendUDPPacket
 .text.copy_filename
                0x0000000081e1faa4       0x44 net/built-in.o
                0x0000000081e1faa4                copy_filename
 .text.on_bootfile
                0x0000000081e1fae8       0x2c net/built-in.o
 .text.ip_to_string
                0x0000000081e1fb14       0x3c net/built-in.o
                0x0000000081e1fb14                ip_to_string
 .text.string_to_VLAN
                0x0000000081e1fb50       0x50 net/built-in.o
                0x0000000081e1fb50                string_to_VLAN
 .text.getenv_VLAN
                0x0000000081e1fba0       0x10 net/built-in.o
                0x0000000081e1fba0                getenv_VLAN
 .text.NetInitLoop
                0x0000000081e1fbb0       0xf0 net/built-in.o
 .text.net_init
                0x0000000081e1fca0       0x70 net/built-in.o
                0x0000000081e1fca0                net_init
 .text.NetLoop  0x0000000081e1fd10      0x320 net/built-in.o
                0x0000000081e1fd10                NetLoop
 .text.ping_timeout
                0x0000000081e20030       0x1c net/built-in.o
 .text.ping_start
                0x0000000081e2004c      0x128 net/built-in.o
                0x0000000081e2004c                ping_start
 .text.ping_receive
                0x0000000081e20174       0xe8 net/built-in.o
                0x0000000081e20174                ping_receive
 .text.TftpSend
                0x0000000081e2025c      0x1c8 net/built-in.o
 .text.TftpHandler
                0x0000000081e20424      0x37c net/built-in.o
 .text.TftpTimeout
                0x0000000081e207a0       0x88 net/built-in.o
 .text.TftpStart
                0x0000000081e20828      0x330 net/built-in.o
                0x0000000081e20828                TftpStart
 .text.raise    0x0000000081e20b58       0x1c arch/arm/lib/eabi_compat.o
                0x0000000081e20b58                raise
 *fill*         0x0000000081e20b74        0x4 
 .text          0x0000000081e20b78      0x278 /usr/lib/gcc-cross/arm-linux-gnueabihf/5/libgcc.a(_udivsi3.o)
                0x0000000081e20b78                __udivsi3
                0x0000000081e20b78                __aeabi_uidiv
                0x0000000081e20dd4                __aeabi_uidivmod
 .text          0x0000000081e20df0      0x2b0 /usr/lib/gcc-cross/arm-linux-gnueabihf/5/libgcc.a(_divsi3.o)
                0x0000000081e20df0                __aeabi_idiv
                0x0000000081e20df0                __divsi3
                0x0000000081e21084                __aeabi_idivmod
 .text          0x0000000081e210a0       0x18 /usr/lib/gcc-cross/arm-linux-gnueabihf/5/libgcc.a(_lshrdi3.o)
                0x0000000081e210a0                __aeabi_llsr
                0x0000000081e210a0                __lshrdi3
 .text          0x0000000081e210b8       0x18 /usr/lib/gcc-cross/arm-linux-gnueabihf/5/libgcc.a(_ashldi3.o)
                0x0000000081e210b8                __ashldi3
                0x0000000081e210b8                __aeabi_llsl
 .text          0x0000000081e210d0        0xc /usr/lib/gcc-cross/arm-linux-gnueabihf/5/libgcc.a(_dvmd_lnx.o)
                0x0000000081e210d0                __aeabi_ldiv0
                0x0000000081e210d0                __aeabi_idiv0

.glue_7         0x0000000081e210dc        0x0
 .glue_7        0x0000000081e210dc        0x0 linker stubs

.glue_7t        0x0000000081e210dc        0x0
 .glue_7t       0x0000000081e210dc        0x0 linker stubs

.vfp11_veneer   0x0000000081e210dc        0x0
 .vfp11_veneer  0x0000000081e210dc        0x0 linker stubs

.v4_bx          0x0000000081e210dc        0x0
 .v4_bx         0x0000000081e210dc        0x0 linker stubs

.iplt           0x0000000081e210dc        0x0
 .iplt          0x0000000081e210dc        0x0 arch/arm/cpu/armv7/start.o
                0x0000000081e210dc                . = ALIGN (0x4)

.rodata         0x0000000081e210dc     0x98eb
 *(SORT(.rodata*))
 .rodata        0x0000000081e210dc       0x80 arch/arm/lib/built-in.o
 .rodata        0x0000000081e2115c       0x38 drivers/mmc/built-in.o
 .rodata.CSWTCH.28
                0x0000000081e21194       0x20 common/built-in.o
 .rodata.block_drvr
                0x0000000081e211b4       0x10 disk/built-in.o
 .rodata.boot_os
                0x0000000081e211c4       0x60 common/built-in.o
 .rodata.crc_table
                0x0000000081e21224      0x400 lib/built-in.o
 .rodata.env_flags_varaccess_mask
                0x0000000081e21624       0x10 common/built-in.o
 .rodata.hclks_msdc30
                0x0000000081e21634       0x1c drivers/mmc/built-in.o
 .rodata.hclks_msdc50
                0x0000000081e21650       0x24 drivers/mmc/built-in.o
 .rodata.msdc_rsp
                0x0000000081e21674       0x24 drivers/mmc/built-in.o
 .rodata.op_adv
                0x0000000081e21698      0x100 common/built-in.o
                0x0000000081e21698                op_adv
 .rodata.op_table
                0x0000000081e21798       0x68 common/built-in.o
 .rodata.tran_exp
                0x0000000081e21800       0x20 drivers/mmc/built-in.o
 .rodata.uimage_arch
                0x0000000081e21820      0x120 common/built-in.o
 .rodata.uimage_comp
                0x0000000081e21940       0x48 common/built-in.o
 .rodata.uimage_os
                0x0000000081e21988       0x6c common/built-in.o
 .rodata.uimage_type
                0x0000000081e219f4       0xd8 common/built-in.o
 .rodata.crc16_tab
                0x0000000081e21acc      0x200 lib/built-in.o
 .rodata.dbase.6548
                0x0000000081e21ccc       0x40 lib/built-in.o
 .rodata.dext.6549
                0x0000000081e21d0c       0x40 lib/built-in.o
 .rodata.distfix
                0x0000000081e21d4c       0x80 lib/built-in.o
 .rodata.lbase.6546
                0x0000000081e21dcc       0x3e lib/built-in.o
 .rodata.lenfix
                0x0000000081e21e0a      0x800 lib/built-in.o
 .rodata.lext.6547
                0x0000000081e2260a       0x3e lib/built-in.o
 .rodata.order.6642
                0x0000000081e22648       0x26 lib/built-in.o
 .rodata        0x0000000081e2266e        0x3 common/built-in.o
 .rodata        0x0000000081e22671        0xe net/built-in.o
 .rodata.CSWTCH.23
                0x0000000081e2267f       0x16 common/built-in.o
 .rodata.__FUNCTION__.6740
                0x0000000081e22695       0x15 drivers/built-in.o
 .rodata.__FUNCTION__.6757
                0x0000000081e226aa        0xe drivers/built-in.o
 .rodata.__func__.6182
                0x0000000081e226b8       0x17 board/mediatek/common/built-in.o
 .rodata.__func__.6378
                0x0000000081e226cf       0x10 common/built-in.o
 .rodata.__func__.6389
                0x0000000081e226df        0xb common/built-in.o
 .rodata.__func__.6507
                0x0000000081e226ea        0x8 common/built-in.o
 .rodata.__func__.6558
                0x0000000081e226f2        0xe common/built-in.o
 .rodata.__func__.6592
                0x0000000081e22700        0xe common/built-in.o
 .rodata._ctype
                0x0000000081e2270e      0x100 lib/built-in.o
                0x0000000081e2270e                _ctype
 .rodata.default_environment
                0x0000000081e2280e      0xc10 common/built-in.o
                0x0000000081e2280e                default_environment
 .rodata.delims.6257
                0x0000000081e2341e        0x3 common/built-in.o
 .rodata.digits.6261
                0x0000000081e23421       0x10 lib/built-in.o
 .rodata.env_flags_varaccess_rep
                0x0000000081e23431        0x5 common/built-in.o
 .rodata.env_flags_vartype_rep
                0x0000000081e23436        0x7 common/built-in.o
 .rodata.erase_seq
                0x0000000081e2343d        0x4 common/built-in.o
 .rodata.g_mmcTable
                0x0000000081e23441       0x1c drivers/mmc/built-in.o
 .rodata.hex_asc
                0x0000000081e2345d       0x11 lib/built-in.o
 .rodata.names.6262
                0x0000000081e2346e        0x6 lib/built-in.o
 .rodata.str1.1
                0x0000000081e23474      0x338 arch/arm/lib/built-in.o
                                        0x356 (size before relaxing)
 .rodata.str1.1
                0x0000000081e237ac      0x423 board/mediatek/common/built-in.o
                                        0x4a3 (size before relaxing)
 .rodata.str1.1
                0x0000000081e23bcf      0x1d6 board/mediatek/mt7623_evb/built-in.o