rt2880_eth.c:2738:12:rt2880_eth_recv	40	static
rt2880_eth.c:2671:12:rt2880_eth_send	32	static
rt2880_eth.c:1893:13:IsSwitchVlanTableBusy	24	static
rt2880_eth.c:2922:5:EswCntRead	40	static
rt2880_eth.c:2872:5:rdm_ioctl	40	static
rt2880_eth.c:342:6:START_ETH	16	static
rt2880_eth.c:354:6:STOP_ETH	16	static
rt2880_eth.c:2822:6:rt2880_eth_halt	0	static
rt2880_eth.c:365:14:rt2880_free_buf_entry_dequeue	0	static
rt2880_eth.c:542:5:rt2880_eth_initialize	16	static
rt2880_eth.c:619:6:mt7623_ethifsys_init	8	static
rt2880_eth.c:751:6:mt7623_pinmux_set	8	static
rt2880_eth.c:836:6:wait_loop	0	static
rt2880_eth.c:849:6:trgmii_calibration_7623	80	static
rt2880_eth.c:1067:6:trgmii_calibration_7530	104	static
rt2880_eth.c:1973:6:setup_internal_gsw	24	static
rt2880_eth.c:2429:5:isDMABusy	8	static
rt2880_eth.c:2379:12:rt2880_eth_init	40	static
