mmc_core.c:84:12:unstuff_bits	4	static
mmc_core.c:704:12:mmc_cmd	16	static
mmc_core.c:718:12:mmc_app_cmd	56	static
mmc_core.c:895:12:mmc_send_if_cond	48	static
mmc_core.c:961:12:mmc_send_app_op_cond	64	static
mmc_core.c:927:12:mmc_send_op_cond	64	static
mmc_core.c:1430:12:mmc_sd_switch.isra.0.constprop	64	static
mmc_core.c:322:6:mmc_dump_card_status	0	static
mmc_core.c:408:6:mmc_dump_ext_csd	16	static
mmc_core.c:545:6:mmc_dump_ext_csd_p	64	static
mmc_core.c:682:5:mmc_card_avail	0	static
mmc_core.c:694:18:mmc_get_host	0	static
mmc_core.c:699:18:mmc_get_card	0	static
mmc_core.c:758:5:mmc_go_idle	48	static
mmc_core.c:837:5:mmc_send_status	56	static
mmc_core.c:1316:5:mmc_select_card	48	static
mmc_core.c:1389:5:mmc_switch	64	static
mmc_core.c:1537:5:mmc_switch_hs	72	static
mmc_core.c:1724:5:mmc_read_ext_csd	72	static
mmc_core.c:2689:5:mmc_set_write_prot	48	static
mmc_core.c:2705:5:mmc_clr_write_prot	48	static
mmc_core.c:2721:5:mmc_send_write_prot	56	static
mmc_core.c:2752:5:mmc_send_write_prot_type	56	static
mmc_core.c:2783:5:mmc_erase_start	48	static
mmc_core.c:2809:5:mmc_erase_end	48	static
mmc_core.c:2835:5:mmc_erase_block_start	48	static
mmc_core.c:2858:5:mmc_erase_block_end	48	static
mmc_core.c:2881:5:mmc_erase	64	static
mmc_core.c:2936:5:mmc_get_wpg_size	0	static
mmc_core.c:2964:6:mmc_set_clock	0	static
mmc_core.c:2974:5:mmc_set_ext_csd	24	static
mmc_core.c:2997:5:mmc_set_card_detect	48	static
mmc_core.c:3012:5:mmc_set_blk_length	56	static
mmc_core.c:3031:5:mmc_set_blk_count	48	static
mmc_core.c:3047:5:mmc_set_bus_width	72	static
mmc_core.c:3120:5:mmc_set_erase_grp_def	0	static
mmc_core.c:3137:5:mmc_set_gp_size	32	static
mmc_core.c:3169:5:mmc_set_enh_size	16	static
mmc_core.c:3202:5:mmc_set_enh_start_addr	16	static
mmc_core.c:3235:5:mmc_set_boot_bus	4	static
mmc_core.c:3254:5:mmc_set_part_config	0	static
mmc_core.c:3270:5:mmc_set_part_attr	0	static
mmc_core.c:3294:5:mmc_set_part_compl	0	static
mmc_core.c:3312:5:mmc_set_reset_func	0	static
mmc_core.c:3330:5:mmc_boot_config	24	static
mmc_core.c:3426:5:mmc_set_boot_prot	16	static
mmc_core.c:3444:5:mmc_set_boot_wp	16	static
mmc_core.c:3462:5:mmc_set_user_wp	16	static
mmc_core.c:3481:5:mmc_dev_bread	40	static
mmc_core.c:3571:5:mmc_block_read	40	static
mmc_core.c:3364:5:mmc_part_read	24	static
mmc_core.c:3611:5:mmc_block_write	64	static
mmc_core.c:3395:5:mmc_part_write	24	static
mmc_core.c:3648:5:mmc_block_erase	536	static
mmc_core.c:3674:6:mmc_stuff_buff	8	static
mmc_core.c:3693:5:mmc_get_sandisk_fwid	72	static
mmc_core.c:3759:6:mmc_boot_reset	0	static
mmc_core.c:3764:5:mmc_boot_up	32	static
mmc_core.c:3777:6:mmc_dump_buff	0	static
mmc_core.c:3816:5:mmc_init_mem_card	104	static
mmc_core.c:4206:5:mmc_init_card	32	static
mmc_core.c:4294:5:mmc_init_host	16	static
mmc_core.c:4303:5:__mmc_init	16	static
mmc_core.c:4421:5:mmc_is_exist	88	static
mmc_core.c:4530:5:mmc_whoami	8	static
mmc_core.c:4703:5:mmc_info_helper	32	static
mmc_core.c:4726:5:mmc_info_helper2	24	static
mmc_core.c:4756:5:emmc_part_read	16	static
mmc_core.c:4763:5:emmc_part_write	16	static
mmc_core.c:4769:6:emmc_dump_ext_csd	0	static
mmc_core.c:4774:5:emmc_set_part_config	0	static
