msdc.c:789:13:msdc_pin_set.isra.1	8	static
msdc.c:121:6:msdc_dump_card_status	0	static
msdc.c:194:6:msdc_dump_ocr_reg	0	static
msdc.c:242:6:msdc_dump_io_resp	0	static
msdc.c:264:6:msdc_dump_rca_resp	0	static
msdc.c:289:6:msdc_dump_register	40	static
msdc.c:668:6:msdc_set_smt	8	static
msdc.c:719:6:msdc_set_sr	16	static
msdc.c:751:6:msdc_set_rdtdsel	8	static
msdc.c:843:6:msdc_set_driving	16	static
msdc.c:883:6:msdc_get_driving	32	static
msdc.c:1363:6:msdc_set_host_level_pwr	0	static
msdc.c:1434:6:msdc_set_card_pwr	0	static
msdc.c:1435:6:msdc_set_host_pwr	0	static
msdc.c:1656:6:msdc_set_startbit	16	static
msdc.c:1689:6:msdc_set_smpl	24	static
msdc.c:1820:6:msdc_set_timeout	16	static
msdc.c:1841:6:msdc_clr_fifo	16	static
msdc.c:1847:6:msdc_set_blklen	0	static
msdc.c:1857:6:msdc_set_blknum	0	static
msdc.c:1886:6:msdc_reset	16	static
msdc.c:1892:6:msdc_abort	16	static
msdc.c:1974:5:msdc_intr_wait	0	static
msdc.c:1992:6:msdc_intr_unmask	0	static
msdc.c:2002:6:msdc_intr_mask	0	static
msdc.c:2042:5:msdc_send_cmd	24	static
msdc.c:2144:5:msdc_wait_rsp	16	static
msdc.c:2876:5:msdc_pio_read_word	16	static
msdc.c:2949:5:msdc_pio_read	16	static
msdc.c:2962:5:msdc_pio_write_word	0	static
msdc.c:3034:5:msdc_pio_write	16	static
msdc.c:3248:6:msdc_config_clksrc	8	static
msdc.c:3302:6:msdc_config_clock	40	static
msdc.c:3427:6:msdc_config_bus	16	static
msdc.c:3443:6:msdc_config_pin	0	static
msdc.c:3531:6:msdc_clock	8	static
msdc.c:3554:6:msdc_host_power	8	static
msdc.c:3569:6:msdc_card_power	0	static
msdc.c:3580:6:msdc_power	8	static
msdc.c:3590:6:msdc_reset_tune_counter	0	static
msdc.c:3595:5:msdc_tune_cmdrsp	128	static
msdc.c:2247:5:msdc_cmd	16	static
msdc.c:1936:5:msdc_abort_handler	112	static
msdc.c:3046:5:msdc_pio_get_sandisk_fwid	64	static
msdc.c:3090:5:msdc_pio_send_sandisk_fwid	64	static
msdc.c:3137:5:msdc_pio_bread	112	static
msdc.c:3192:5:msdc_pio_bwrite	112	static
msdc.c:3714:5:msdc_tune_bread	104	static
msdc.c:3853:5:msdc_tune_read	64	static
msdc.c:4126:6:msdc_card_detect	8	static
msdc.c:4144:5:msdc_card_avail	16	static
msdc.c:4161:5:msdc_card_protected	16	static
msdc.c:4175:6:msdc_hard_reset	0	static
msdc.c:4183:5:msdc_emmc_boot_start	32	static
msdc.c:4280:6:msdc_emmc_boot_stop	16	static
msdc.c:4300:5:msdc_emmc_boot_read	16	static
msdc.c:4349:6:msdc_emmc_boot_reset	16	static
msdc.c:4382:5:msdc_init	64	static
msdc.c:4566:5:msdc_deinit	24	static
msdc.c:4580:5:msdc_preinit	64	static
