net.c:285:13:net_clear_handlers	0	static
net.c:587:1:startAgainTimeout	0	static
net.c:642:13:dummy_handler	0	static
net.c:237:6:net_auto_load	8	static
net.c:592:6:NetStartAgain	16	static
net.c:648:11:net_get_udp_handler	0	static
net.c:653:6:net_set_udp_handler	0	static
net.c:662:11:net_get_arp_handler	0	static
net.c:667:6:net_set_arp_handler	0	static
net.c:684:1:NetSetTimeout	8	static
net.c:1306:1:NetCksum	0	static
net.c:1299:1:NetCksumOk	8	static
net.c:955:1:NetReceive	32	static
net.c:1320:1:NetEthHdrSize	0	static
net.c:1333:1:NetSetEther	24	static
net.c:1358:5:net_update_ether	16	static
net.c:1381:6:net_set_ip_header	16	static
net.c:1402:6:net_set_udp_header	24	static
net.c:699:5:NetSendUDPPacket	40	static
net.c:1426:6:copy_filename	0	static
net.c:217:12:on_bootfile	8	static
net.c:1452:6:ip_to_string	16	static
net.c:1462:6:VLAN_to_string	0	static
net.c:1475:8:string_to_VLAN	8	static
net.c:1490:8:getenv_VLAN	8	static
net.c:261:13:NetInitLoop	16	static
net.c:297:6:net_init	8	static
net.c:327:5:NetLoop	40	static
